randwrite: (g=0): rw=randwrite, bs=(R) 64.0KiB-64.0KiB, (W) 64.0KiB-64.0KiB, (T) 64.0KiB-64.0KiB, ioengine=libaio, iodepth=1
...
fio-3.38-4-gcd56-dirty
Starting 4 threads
randwrite: Laying out IO file (1 file / 52673MiB)

randwrite: (groupid=0, jobs=4): err= 0: pid=4684: Mon May 12 20:25:10 2025
  write: IOPS=15.5k, BW=971MiB/s (1018MB/s)(171GiB/180020msec); 0 zone resets
    slat (usec): min=6, max=22616k, avg=256.19, stdev=27517.46
    clat (nsec): min=259, max=40473, avg=706.86, stdev=481.29
     lat (usec): min=6, max=22616k, avg=256.89, stdev=27517.49
    clat percentiles (nsec):
     |  1.00th=[  282],  5.00th=[  298], 10.00th=[  310], 20.00th=[  362],
     | 30.00th=[  430], 40.00th=[  510], 50.00th=[  620], 60.00th=[  732],
     | 70.00th=[  892], 80.00th=[ 1064], 90.00th=[ 1128], 95.00th=[ 1208],
     | 99.00th=[ 1480], 99.50th=[ 2640], 99.90th=[ 5984], 99.95th=[ 6176],
     | 99.99th=[12608]
   bw (  MiB/s): min=   45, max= 3738, per=100.00%, avg=1158.03, stdev=223.49, samples=1208
   iops        : min=  722, max=59814, avg=18527.86, stdev=3575.80, samples=1208
  lat (nsec)   : 500=38.80%, 750=22.62%, 1000=13.93%
  lat (usec)   : 2=24.07%, 4=0.19%, 10=0.38%, 20=0.01%, 50=0.01%
  cpu          : usr=0.77%, sys=29.00%, ctx=2148049, majf=0, minf=1791
  IO depths    : 1=100.0%, 2=0.0%, 4=0.0%, 8=0.0%, 16=0.0%, 32=0.0%, >=64=0.0%
     submit    : 0=0.0%, 4=100.0%, 8=0.0%, 16=0.0%, 32=0.0%, 64=0.0%, >=64=0.0%
     complete  : 0=0.0%, 4=100.0%, 8=0.0%, 16=0.0%, 32=0.0%, 64=0.0%, >=64=0.0%
     issued rwts: total=0,2796232,0,0 short=0,0,0,0 dropped=0,0,0,0
     latency   : target=0, window=0, percentile=100.00%, depth=1

Run status group 0 (all jobs):
  WRITE: bw=971MiB/s (1018MB/s), 971MiB/s-971MiB/s (1018MB/s-1018MB/s), io=171GiB (183GB), run=180020-180020msec

Disk stats (read/write):
  nvme0n1: ios=30/68320, sectors=240/113912280, merge=0/0, ticks=10/4559076, in_queue=5899283, util=74.80%
