randwrite: (g=0): rw=randwrite, bs=(R) 64.0KiB-64.0KiB, (W) 64.0KiB-64.0KiB, (T) 64.0KiB-64.0KiB, ioengine=libaio, iodepth=1
...
fio-3.38-4-gcd56-dirty
Starting 4 threads
randwrite: Laying out IO file (1 file / 52673MiB)

randwrite: (groupid=0, jobs=4): err= 0: pid=13532: Mon May 12 14:52:48 2025
  write: IOPS=9293, BW=581MiB/s (609MB/s)(102GiB/180001msec); 0 zone resets
    slat (usec): min=7, max=91792, avg=428.66, stdev=3202.68
    clat (nsec): min=255, max=75299, avg=921.12, stdev=665.06
     lat (usec): min=7, max=91794, avg=429.59, stdev=3203.05
    clat percentiles (nsec):
     |  1.00th=[  290],  5.00th=[  306], 10.00th=[  358], 20.00th=[  524],
     | 30.00th=[  676], 40.00th=[  804], 50.00th=[  940], 60.00th=[ 1048],
     | 70.00th=[ 1080], 80.00th=[ 1128], 90.00th=[ 1208], 95.00th=[ 1336],
     | 99.00th=[ 5024], 99.50th=[ 5472], 99.90th=[ 6368], 99.95th=[ 8384],
     | 99.99th=[16512]
   bw (  KiB/s): min=114034, max=2580437, per=100.00%, avg=595253.34, stdev=114861.39, samples=1440
   iops        : min= 1780, max=40317, avg=9300.00, stdev=1794.69, samples=1440
  lat (nsec)   : 500=18.61%, 750=17.66%, 1000=17.58%
  lat (usec)   : 2=44.61%, 4=0.37%, 10=1.14%, 20=0.03%, 50=0.01%
  lat (usec)   : 100=0.01%
  cpu          : usr=0.59%, sys=31.06%, ctx=1318659, majf=0, minf=3386
  IO depths    : 1=100.0%, 2=0.0%, 4=0.0%, 8=0.0%, 16=0.0%, 32=0.0%, >=64=0.0%
     submit    : 0=0.0%, 4=100.0%, 8=0.0%, 16=0.0%, 32=0.0%, 64=0.0%, >=64=0.0%
     complete  : 0=0.0%, 4=100.0%, 8=0.0%, 16=0.0%, 32=0.0%, 64=0.0%, >=64=0.0%
     issued rwts: total=0,1672889,0,0 short=0,0,0,0 dropped=0,0,0,0
     latency   : target=0, window=0, percentile=100.00%, depth=1

Run status group 0 (all jobs):
  WRITE: bw=581MiB/s (609MB/s), 581MiB/s-581MiB/s (609MB/s-609MB/s), io=102GiB (110GB), run=180001-180001msec

Disk stats (read/write):
  nvme0n1: ios=8166/160528, sectors=520888/154258248, merge=0/15, ticks=2123/5191254, in_queue=5193432, util=67.03%
