randwrite: (g=0): rw=randwrite, bs=(R) 64.0KiB-64.0KiB, (W) 64.0KiB-64.0KiB, (T) 64.0KiB-64.0KiB, ioengine=libaio, iodepth=1
...
fio-3.38-4-gcd56-dirty
Starting 4 threads
randwrite: Laying out IO file (1 file / 52673MiB)

randwrite: (groupid=0, jobs=4): err= 0: pid=4428: Mon May 12 13:45:25 2025
  write: IOPS=5529, BW=346MiB/s (362MB/s)(80.0GiB/237043msec); 0 zone resets
    slat (usec): min=13, max=212394, avg=718.19, stdev=2777.88
    clat (nsec): min=251, max=561306, avg=1130.92, stdev=1154.84
     lat (usec): min=13, max=212400, avg=719.32, stdev=2778.57
    clat percentiles (nsec):
     |  1.00th=[  298],  5.00th=[  382], 10.00th=[  482], 20.00th=[  652],
     | 30.00th=[  772], 40.00th=[  908], 50.00th=[ 1032], 60.00th=[ 1080],
     | 70.00th=[ 1112], 80.00th=[ 1176], 90.00th=[ 1336], 95.00th=[ 1992],
     | 99.00th=[ 5920], 99.50th=[ 6112], 99.90th=[ 7200], 99.95th=[11328],
     | 99.99th=[20864]
   bw (  KiB/s): min=56091, max=2134656, per=99.97%, avg=353784.07, stdev=67125.03, samples=1885
   iops        : min=  876, max=33354, avg=5527.43, stdev=1048.91, samples=1885
  lat (nsec)   : 500=10.83%, 750=17.59%, 1000=18.46%
  lat (usec)   : 2=48.13%, 4=1.30%, 10=3.63%, 20=0.04%, 50=0.01%
  lat (usec)   : 100=0.01%, 750=0.01%
  cpu          : usr=0.41%, sys=34.87%, ctx=1184044, majf=0, minf=6467
  IO depths    : 1=100.0%, 2=0.0%, 4=0.0%, 8=0.0%, 16=0.0%, 32=0.0%, >=64=0.0%
     submit    : 0=0.0%, 4=100.0%, 8=0.0%, 16=0.0%, 32=0.0%, 64=0.0%, >=64=0.0%
     complete  : 0=0.0%, 4=100.0%, 8=0.0%, 16=0.0%, 32=0.0%, 64=0.0%, >=64=0.0%
     issued rwts: total=0,1310720,0,0 short=0,0,0,0 dropped=0,0,0,0
     latency   : target=0, window=0, percentile=100.00%, depth=1

Run status group 0 (all jobs):
  WRITE: bw=346MiB/s (362MB/s), 346MiB/s-346MiB/s (362MB/s-362MB/s), io=80.0GiB (85.9GB), run=237043-237043msec

Disk stats (read/write):
  nvme0n1: ios=23291/466688, sectors=1044928/172497112, merge=1/9, ticks=14366/4095700, in_queue=4110437, util=71.81%
