randwrite: (g=0): rw=randwrite, bs=(R) 64.0KiB-64.0KiB, (W) 64.0KiB-64.0KiB, (T) 64.0KiB-64.0KiB, ioengine=libaio, iodepth=1
...
fio-3.38-4-gcd56-dirty
Starting 4 threads
randwrite: Laying out IO file (1 file / 42874MiB)

randwrite: (groupid=0, jobs=4): err= 0: pid=9285: Mon May 12 15:35:23 2025
  write: IOPS=7864, BW=492MiB/s (515MB/s)(80.0GiB/166668msec); 0 zone resets
    slat (usec): min=15, max=405742, avg=501.84, stdev=2928.00
    clat (nsec): min=266, max=42506, avg=1061.89, stdev=758.68
     lat (usec): min=15, max=405749, avg=502.90, stdev=2928.40
    clat percentiles (nsec):
     |  1.00th=[  302],  5.00th=[  390], 10.00th=[  532], 20.00th=[  708],
     | 30.00th=[  860], 40.00th=[  988], 50.00th=[ 1048], 60.00th=[ 1096],
     | 70.00th=[ 1128], 80.00th=[ 1160], 90.00th=[ 1304], 95.00th=[ 1448],
     | 99.00th=[ 5472], 99.50th=[ 5792], 99.90th=[ 6496], 99.95th=[ 9152],
     | 99.99th=[18048]
   bw (  KiB/s): min=84224, max=2124672, per=100.00%, avg=507070.93, stdev=68055.12, samples=1317
   iops        : min= 1316, max=33198, avg=7922.55, stdev=1063.33, samples=1317
  lat (nsec)   : 500=9.13%, 750=13.88%, 1000=18.32%
  lat (usec)   : 2=56.23%, 4=0.52%, 10=1.89%, 20=0.03%, 50=0.01%
  cpu          : usr=0.58%, sys=36.27%, ctx=1160775, majf=0, minf=2654
  IO depths    : 1=100.0%, 2=0.0%, 4=0.0%, 8=0.0%, 16=0.0%, 32=0.0%, >=64=0.0%
     submit    : 0=0.0%, 4=100.0%, 8=0.0%, 16=0.0%, 32=0.0%, 64=0.0%, >=64=0.0%
     complete  : 0=0.0%, 4=100.0%, 8=0.0%, 16=0.0%, 32=0.0%, 64=0.0%, >=64=0.0%
     issued rwts: total=0,1310720,0,0 short=0,0,0,0 dropped=0,0,0,0
     latency   : target=0, window=0, percentile=100.00%, depth=1

Run status group 0 (all jobs):
  WRITE: bw=492MiB/s (515MB/s), 492MiB/s-492MiB/s (515MB/s-515MB/s), io=80.0GiB (85.9GB), run=166668-166668msec

Disk stats (read/write):
  nvme0n1: ios=13923/205538, sectors=889280/168245848, merge=0/9, ticks=4103/5726205, in_queue=5730464, util=84.14%
