Filebench Version 1.5-alpha3
0.000: Allocated 177MB of shared memory
0.002: File-server Version 3.0 personality successfully loaded
0.002: Populating and pre-allocating filesets
0.023: bigfileset populated: 54000 files, avg. dir. width = 40, avg. dir. depth = 3.0, 0 leafdirs, 53979.243MB total size
0.023: Removing bigfileset tree (if exists)
0.026: Pre-allocating directories in bigfileset tree
0.040: Pre-allocating files in bigfileset tree
73.793: Waiting for pre-allocation to finish (in case of a parallel pre-allocation)
73.793: Population and pre-allocation of filesets completed
73.793: Starting 1 filereader instances
74.800: Running...
134.813: Run took 60 seconds...
134.813: Per-Operation Breakdown
statfile1            13012ops      217ops/s   0.0mb/s    0.006ms/op [0.002ms - 0.038ms]
deletefile1          13012ops      217ops/s   0.0mb/s    2.761ms/op [0.055ms - 340.503ms]
closefile4           13012ops      217ops/s   0.0mb/s    0.003ms/op [0.001ms - 0.035ms]
readfile1            13012ops      217ops/s 232.6mb/s   12.494ms/op [0.146ms - 174.226ms]
openfile4            13014ops      217ops/s   0.0mb/s    0.009ms/op [0.002ms - 1.254ms]
closefile2           13014ops      217ops/s   0.0mb/s    0.002ms/op [0.001ms - 0.014ms]
writefile2           13014ops      217ops/s  27.1mb/s    0.832ms/op [0.032ms - 211.576ms]
openfile2            13016ops      217ops/s   0.0mb/s    0.013ms/op [0.004ms - 1.787ms]
closefile1           13016ops      217ops/s   0.0mb/s    0.004ms/op [0.001ms - 0.092ms]
wrtfile1             13016ops      217ops/s 295.9mb/s    2.108ms/op [0.292ms - 132.392ms]
createfile1          13016ops      217ops/s   0.0mb/s    0.088ms/op [0.014ms - 205.965ms]
134.814: IO Summary: 143154 ops 2385.394 ops/s 217/434 rd/wr 555.6mb/s 1.665ms/op
134.814: Shutting down processes
