java -cp /home/jin/csgc-artifacts/host/benchmarks/ycsb-0.17.0/jdbc-binding/conf:/home/jin/csgc-artifacts/host/benchmarks/ycsb-0.17.0/conf:/home/jin/csgc-artifacts/host/benchmarks/ycsb-0.17.0/lib/HdrHistogram-2.1.4.jar:/home/jin/csgc-artifacts/host/benchmarks/ycsb-0.17.0/lib/jackson-mapper-asl-1.9.4.jar:/home/jin/csgc-artifacts/host/benchmarks/ycsb-0.17.0/lib/mysql-connector-j-9.0.0.jar:/home/jin/csgc-artifacts/host/benchmarks/ycsb-0.17.0/lib/jackson-core-asl-1.9.4.jar:/home/jin/csgc-artifacts/host/benchmarks/ycsb-0.17.0/lib/htrace-core4-4.1.0-incubating.jar:/home/jin/csgc-artifacts/host/benchmarks/ycsb-0.17.0/lib/core-0.17.0.jar:/home/jin/csgc-artifacts/host/benchmarks/ycsb-0.17.0/jdbc-binding/lib/commons-lang-2.4.jar:/home/jin/csgc-artifacts/host/benchmarks/ycsb-0.17.0/jdbc-binding/lib/geronimo-jms_1.1_spec-1.1.1.jar:/home/jin/csgc-artifacts/host/benchmarks/ycsb-0.17.0/jdbc-binding/lib/jdbc-binding-0.17.0.jar:/home/jin/csgc-artifacts/host/benchmarks/ycsb-0.17.0/jdbc-binding/lib/geronimo-jta_1.1_spec-1.1.1.jar:/home/jin/csgc-artifacts/host/benchmarks/ycsb-0.17.0/jdbc-binding/lib/commons-collections-3.2.1.jar:/home/jin/csgc-artifacts/host/benchmarks/ycsb-0.17.0/jdbc-binding/lib/serp-1.13.1.jar:/home/jin/csgc-artifacts/host/benchmarks/ycsb-0.17.0/jdbc-binding/lib/openjpa-kernel-2.1.1.jar:/home/jin/csgc-artifacts/host/benchmarks/ycsb-0.17.0/jdbc-binding/lib/commons-pool-1.5.4.jar:/home/jin/csgc-artifacts/host/benchmarks/ycsb-0.17.0/jdbc-binding/lib/openjpa-lib-2.1.1.jar:/home/jin/csgc-artifacts/host/benchmarks/ycsb-0.17.0/jdbc-binding/lib/openjpa-jdbc-2.1.1.jar site.ycsb.Client -db site.ycsb.db.JdbcDBClient -P /home/jin/csgc-artifacts/host/benchmarks/myworkloads/ycsb/workloadf -P ../ycsb-0.17.0/jdbc-binding/conf/db.properties -p db.driver=com.mysql.jdbc.Driver -p db.url=jdbc:mysql://localhost:3306/ycsb_db -p db.user=ycsb_user -p db.passwd=1111 -p recordcount=1000000 -p fieldcount=16 -p fieldlength=64 -p minfieldlength=16 -p operationcount=1000000 -p readallfields=true -p writeallfields=false -threads 36 -s -t
Command line: -db site.ycsb.db.JdbcDBClient -P /home/jin/csgc-artifacts/host/benchmarks/myworkloads/ycsb/workloadf -P ../ycsb-0.17.0/jdbc-binding/conf/db.properties -p db.driver=com.mysql.jdbc.Driver -p db.url=jdbc:mysql://localhost:3306/ycsb_db -p db.user=ycsb_user -p db.passwd=1111 -p recordcount=1000000 -p fieldcount=16 -p fieldlength=64 -p minfieldlength=16 -p operationcount=1000000 -p readallfields=true -p writeallfields=false -threads 36 -s -t
YCSB Client 0.17.0

Loading workload...
Starting test.
Loading class `com.mysql.jdbc.Driver'. This is deprecated. The new driver class is `com.mysql.cj.jdbc.Driver'. The driver is automatically registered via the SPI and manual loading of the driver class is generally unnecessary.
Adding shard node URL: jdbc:mysql://localhost:3306/ycsb_db
Adding shard node URL: jdbc:mysql://localhost:3306/ycsb_db
Adding shard node URL: jdbc:mysql://localhost:3306/ycsb_db
Adding shard node URL: jdbc:mysql://localhost:3306/ycsb_db
Adding shard node URL: jdbc:mysql://localhost:3306/ycsb_db
Adding shard node URL: jdbc:mysql://localhost:3306/ycsb_db
Adding shard node URL: jdbc:mysql://localhost:3306/ycsb_db
Adding shard node URL: jdbc:mysql://localhost:3306/ycsb_db
Adding shard node URL: jdbc:mysql://localhost:3306/ycsb_db
Adding shard node URL: jdbc:mysql://localhost:3306/ycsb_db
Adding shard node URL: jdbc:mysql://localhost:3306/ycsb_db
Adding shard node URL: jdbc:mysql://localhost:3306/ycsb_db
Adding shard node URL: jdbc:mysql://localhost:3306/ycsb_db
Adding shard node URL: jdbc:mysql://localhost:3306/ycsb_db
Adding shard node URL: jdbc:mysql://localhost:3306/ycsb_db
Adding shard node URL: jdbc:mysql://localhost:3306/ycsb_db
Adding shard node URL: jdbc:mysql://localhost:3306/ycsb_db
Adding shard node URL: jdbc:mysql://localhost:3306/ycsb_db
Adding shard node URL: jdbc:mysql://localhost:3306/ycsb_db
Adding shard node URL: jdbc:mysql://localhost:3306/ycsb_db
Adding shard node URL: jdbc:mysql://localhost:3306/ycsb_db
Adding shard node URL: jdbc:mysql://localhost:3306/ycsb_db
Adding shard node URL: jdbc:mysql://localhost:3306/ycsb_db
Adding shard node URL: jdbc:mysql://localhost:3306/ycsb_db
Adding shard node URL: jdbc:mysql://localhost:3306/ycsb_db
Adding shard node URL: jdbc:mysql://localhost:3306/ycsb_db
Adding shard node URL: jdbc:mysql://localhost:3306/ycsb_db
Adding shard node URL: jdbc:mysql://localhost:3306/ycsb_db
Adding shard node URL: jdbc:mysql://localhost:3306/ycsb_db
Adding shard node URL: jdbc:mysql://localhost:3306/ycsb_db
Adding shard node URL: jdbc:mysql://localhost:3306/ycsb_db
Adding shard node URL: jdbc:mysql://localhost:3306/ycsb_db
Adding shard node URL: jdbc:mysql://localhost:3306/ycsb_db
Adding shard node URL: jdbc:mysql://localhost:3306/ycsb_db
Adding shard node URL: jdbc:mysql://localhost:3306/ycsb_db
Adding shard node URL: jdbc:mysql://localhost:3306/ycsb_db
2025-05-11 23:38:15:957 0 sec: 0 operations; est completion in 0 second 
Using shards: 1, batchSize:-1, fetchSize: -1
Using shards: 1, batchSize:-1, fetchSize: -1
Using shards: 1, batchSize:-1, fetchSize: -1
Using shards: 1, batchSize:-1, fetchSize: -1
Using shards: 1, batchSize:-1, fetchSize: -1
Using shards: 1, batchSize:-1, fetchSize: -1
Using shards: 1, batchSize:-1, fetchSize: -1
Using shards: 1, batchSize:-1, fetchSize: -1
Using shards: 1, batchSize:-1, fetchSize: -1
Using shards: 1, batchSize:-1, fetchSize: -1
Using shards: 1, batchSize:-1, fetchSize: -1
DBWrapper: report latency for each error is false and specific error codes to track for latency are: []
DBWrapper: report latency for each error is false and specific error codes to track for latency are: []
DBWrapper: report latency for each error is false and specific error codes to track for latency are: []
DBWrapper: report latency for each error is false and specific error codes to track for latency are: []
DBWrapper: report latency for each error is false and specific error codes to track for latency are: []
DBWrapper: report latency for each error is false and specific error codes to track for latency are: []
DBWrapper: report latency for each error is false and specific error codes to track for latency are: []
DBWrapper: report latency for each error is false and specific error codes to track for latency are: []
DBWrapper: report latency for each error is false and specific error codes to track for latency are: []
DBWrapper: report latency for each error is false and specific error codes to track for latency are: []
DBWrapper: report latency for each error is false and specific error codes to track for latency are: []
Using shards: 1, batchSize:-1, fetchSize: -1
DBWrapper: report latency for each error is false and specific error codes to track for latency are: []
Using shards: 1, batchSize:-1, fetchSize: -1
DBWrapper: report latency for each error is false and specific error codes to track for latency are: []
Using shards: 1, batchSize:-1, fetchSize: -1
DBWrapper: report latency for each error is false and specific error codes to track for latency are: []
Using shards: 1, batchSize:-1, fetchSize: -1
DBWrapper: report latency for each error is false and specific error codes to track for latency are: []
Using shards: 1, batchSize:-1, fetchSize: -1
DBWrapper: report latency for each error is false and specific error codes to track for latency are: []
Using shards: 1, batchSize:-1, fetchSize: -1
DBWrapper: report latency for each error is false and specific error codes to track for latency are: []
Using shards: 1, batchSize:-1, fetchSize: -1
DBWrapper: report latency for each error is false and specific error codes to track for latency are: []
Using shards: 1, batchSize:-1, fetchSize: -1
DBWrapper: report latency for each error is false and specific error codes to track for latency are: []
Using shards: 1, batchSize:-1, fetchSize: -1
DBWrapper: report latency for each error is false and specific error codes to track for latency are: []
Using shards: 1, batchSize:-1, fetchSize: -1
DBWrapper: report latency for each error is false and specific error codes to track for latency are: []
Using shards: 1, batchSize:-1, fetchSize: -1
DBWrapper: report latency for each error is false and specific error codes to track for latency are: []
Using shards: 1, batchSize:-1, fetchSize: -1
DBWrapper: report latency for each error is false and specific error codes to track for latency are: []
Using shards: 1, batchSize:-1, fetchSize: -1
DBWrapper: report latency for each error is false and specific error codes to track for latency are: []
Using shards: 1, batchSize:-1, fetchSize: -1
DBWrapper: report latency for each error is false and specific error codes to track for latency are: []
Using shards: 1, batchSize:-1, fetchSize: -1
DBWrapper: report latency for each error is false and specific error codes to track for latency are: []Using shards: 1, batchSize:-1, fetchSize: -1

DBWrapper: report latency for each error is false and specific error codes to track for latency are: []Using shards: 1, batchSize:-1, fetchSize: -1

DBWrapper: report latency for each error is false and specific error codes to track for latency are: []
Using shards: 1, batchSize:-1, fetchSize: -1
DBWrapper: report latency for each error is false and specific error codes to track for latency are: []
Using shards: 1, batchSize:-1, fetchSize: -1
Using shards: 1, batchSize:-1, fetchSize: -1DBWrapper: report latency for each error is false and specific error codes to track for latency are: []

DBWrapper: report latency for each error is false and specific error codes to track for latency are: []
Using shards: 1, batchSize:-1, fetchSize: -1
DBWrapper: report latency for each error is false and specific error codes to track for latency are: []
Using shards: 1, batchSize:-1, fetchSize: -1
DBWrapper: report latency for each error is false and specific error codes to track for latency are: []
Using shards: 1, batchSize:-1, fetchSize: -1
DBWrapper: report latency for each error is false and specific error codes to track for latency are: []
Using shards: 1, batchSize:-1, fetchSize: -1
DBWrapper: report latency for each error is false and specific error codes to track for latency are: []
Using shards: 1, batchSize:-1, fetchSize: -1
DBWrapper: report latency for each error is false and specific error codes to track for latency are: []
2025-05-11 23:38:25:887 10 sec: 72723 operations; 7272.3 current ops/sec; est completion in 2 minutes [READ: Count=72748, Max=3319807, Min=105, Avg=2895.69, 90=2987, 99=4963, 99.9=28703, 99.99=3317759] [READ-MODIFY-WRITE: Count=58395, Max=3323903, Min=495, Avg=4912.01, 90=5119, 99=8839, 99.9=119295, 99.99=3321855] [UPDATE: Count=58450, Max=42303, Min=362, Avg=1876.62, 90=2585, 99=5715, 99.9=23215, 99.99=28799] 
2025-05-11 23:38:35:886 20 sec: 198570 operations; 12584.7 current ops/sec; est completion in 1 minute [READ: Count=125845, Max=46495, Min=103, Avg=1303.6, 90=3095, 99=5059, 99.9=23807, 99.99=35935] [READ-MODIFY-WRITE: Count=100751, Max=50111, Min=508, Avg=3238.5, 90=5155, 99=9183, 99.9=30799, 99.99=48735] [UPDATE: Count=100738, Max=36511, Min=371, Avg=1931.95, 90=2601, 99=5619, 99.9=23983, 99.99=31151] 
2025-05-11 23:38:45:886 30 sec: 321104 operations; 12253.4 current ops/sec; est completion in 1 minute [READ: Count=122511, Max=36383, Min=101, Avg=1271.37, 90=3075, 99=4871, 99.9=23519, 99.99=33311] [READ-MODIFY-WRITE: Count=97946, Max=67903, Min=579, Avg=3346.87, 90=5163, 99=16815, 99.9=51167, 99.99=65791] [UPDATE: Count=97943, Max=63583, Min=416, Avg=2072.76, 90=2657, 99=7071, 99.9=40703, 99.99=62879] 
2025-05-11 23:38:55:886 40 sec: 425394 operations; 10429 current ops/sec; est completion in 55 seconds [READ: Count=104312, Max=31839, Min=100, Avg=1370.67, 90=3169, 99=16039, 99.9=26015, 99.99=29327] [READ-MODIFY-WRITE: Count=83331, Max=48543, Min=501, Avg=3980, 90=6075, 99=25647, 99.9=39487, 99.99=47583] [UPDATE: Count=83292, Max=46943, Min=379, Avg=2600.14, 90=3385, 99=22815, 99.9=33087, 99.99=46143] 
2025-05-11 23:39:05:886 50 sec: 520398 operations; 9500.4 current ops/sec; est completion in 47 seconds [READ: Count=94990, Max=49535, Min=98, Avg=1515.59, 90=3197, 99=22319, 99.9=29423, 99.99=42687] [READ-MODIFY-WRITE: Count=76003, Max=67775, Min=516, Avg=4353.3, 90=7091, 99=28111, 99.9=44991, 99.99=52543] [UPDATE: Count=76003, Max=51583, Min=369, Avg=2835.62, 90=3971, 99=23407, 99.9=39391, 99.99=50847] 
2025-05-11 23:39:15:886 60 sec: 615085 operations; 9468.7 current ops/sec; est completion in 38 seconds [READ: Count=94713, Max=57215, Min=104, Avg=1473.58, 90=3115, 99=22303, 99.9=29551, 99.99=55103] [READ-MODIFY-WRITE: Count=75791, Max=69439, Min=502, Avg=4372.31, 90=7347, 99=28207, 99.9=50239, 99.99=57343] [UPDATE: Count=75828, Max=52127, Min=382, Avg=2900.24, 90=4371, 99=23183, 99.9=38463, 99.99=51167] 
2025-05-11 23:39:25:886 70 sec: 710254 operations; 9516.9 current ops/sec; est completion in 29 seconds [READ: Count=95158, Max=67967, Min=99, Avg=1498.34, 90=3115, 99=22015, 99.9=29647, 99.99=58207] [READ-MODIFY-WRITE: Count=76017, Max=70911, Min=513, Avg=4357.56, 90=7499, 99=27711, 99.9=47935, 99.99=64287] [UPDATE: Count=75980, Max=69247, Min=375, Avg=2851.21, 90=4255, 99=23311, 99.9=36927, 99.99=63519] 
2025-05-11 23:39:35:886 80 sec: 807504 operations; 9725 current ops/sec; est completion in 20 seconds [READ: Count=97228, Max=53247, Min=99, Avg=1434.57, 90=3161, 99=20031, 99.9=29727, 99.99=44575] [READ-MODIFY-WRITE: Count=77938, Max=68991, Min=456, Avg=4259.12, 90=7331, 99=26975, 99.9=45759, 99.99=68863] [UPDATE: Count=77938, Max=55807, Min=348, Avg=2818.83, 90=4027, 99=23567, 99.9=40159, 99.99=48799] 
2025-05-11 23:39:45:886 90 sec: 903769 operations; 9626.5 current ops/sec; est completion in 10 seconds [READ: Count=96281, Max=50207, Min=98, Avg=1491.03, 90=3183, 99=21855, 99.9=30447, 99.99=48607] [READ-MODIFY-WRITE: Count=77206, Max=56511, Min=479, Avg=4293.14, 90=7451, 99=27487, 99.9=50367, 99.99=54495] [UPDATE: Count=77223, Max=56383, Min=363, Avg=2797.58, 90=3941, 99=22975, 99.9=44383, 99.99=51327] 
2025-05-11 23:39:55:886 100 sec: 999165 operations; 9539.6 current ops/sec; est completion in 1 second [READ: Count=95385, Max=44479, Min=101, Avg=1454.6, 90=3053, 99=21599, 99.9=30063, 99.99=38623] [READ-MODIFY-WRITE: Count=76579, Max=52959, Min=507, Avg=4191.22, 90=7223, 99=26623, 99.9=37471, 99.99=46879] [CLEANUP: Count=30, Max=6123, Min=137, Avg=577.17, 90=804, 99=6123, 99.9=6123, 99.99=6123] [UPDATE: Count=76588, Max=52671, Min=360, Avg=2743.18, 90=3953, 99=22911, 99.9=32127, 99.99=44639] 
2025-05-11 23:39:56:126 100 sec: 1000000 operations; 3479.17 current ops/sec; [READ: Count=829, Max=28719, Min=109, Avg=309.35, 90=392, 99=1110, 99.9=20687, 99.99=28719] [READ-MODIFY-WRITE: Count=672, Max=29775, Min=469, Avg=1013.25, 90=1229, 99=10175, 99.9=22207, 99.99=29775] [CLEANUP: Count=6, Max=553, Min=142, Avg=403.17, 90=538, 99=553, 99.9=553, 99.99=553] [UPDATE: Count=646, Max=8003, Min=344, Avg=606.43, 90=887, 99=1488, 99.9=7999, 99.99=8003] 
[OVERALL], RunTime(ms), 100240
[OVERALL], Throughput(ops/sec), 9976.057462090981
[TOTAL_GCS_G1_Young_Generation], Count, 25
[TOTAL_GC_TIME_G1_Young_Generation], Time(ms), 95
[TOTAL_GC_TIME_%_G1_Young_Generation], Time(%), 0.09477254588986432
[TOTAL_GCS_G1_Old_Generation], Count, 0
[TOTAL_GC_TIME_G1_Old_Generation], Time(ms), 0
[TOTAL_GC_TIME_%_G1_Old_Generation], Time(%), 0.0
[TOTAL_GCs], Count, 25
[TOTAL_GC_TIME], Time(ms), 95
[TOTAL_GC_TIME_%], Time(%), 0.09477254588986432
[READ], Operations, 1000000
[READ], AverageLatency(us), 1521.596562
[READ], MinLatency(us), 98
[READ], MaxLatency(us), 3319807
[READ], 95thPercentileLatency(us), 3875
[READ], 99thPercentileLatency(us), 17599
[READ], Return=OK, 1000000
[READ-MODIFY-WRITE], Operations, 800629
[READ-MODIFY-WRITE], AverageLatency(us), 4060.714222192801
[READ-MODIFY-WRITE], MinLatency(us), 456
[READ-MODIFY-WRITE], MaxLatency(us), 3323903
[READ-MODIFY-WRITE], 95thPercentileLatency(us), 9679
[READ-MODIFY-WRITE], 99thPercentileLatency(us), 25951
[CLEANUP], Operations, 36
[CLEANUP], AverageLatency(us), 548.1666666666666
[CLEANUP], MinLatency(us), 137
[CLEANUP], MaxLatency(us), 6123
[CLEANUP], 95thPercentileLatency(us), 845
[CLEANUP], 99thPercentileLatency(us), 6123
[UPDATE], Operations, 800629
[UPDATE], AverageLatency(us), 2525.7394710908547
[UPDATE], MinLatency(us), 344
[UPDATE], MaxLatency(us), 69247
[UPDATE], 95thPercentileLatency(us), 5979
[UPDATE], 99thPercentileLatency(us), 22767
[UPDATE], Return=OK, 800629
