randwrite: (g=0): rw=randwrite, bs=(R) 64.0KiB-64.0KiB, (W) 64.0KiB-64.0KiB, (T) 64.0KiB-64.0KiB, ioengine=libaio, iodepth=1
...
fio-3.38-4-gcd56-dirty
Starting 4 threads
randwrite: Laying out IO file (1 file / 48998MiB)

randwrite: (groupid=0, jobs=4): err= 0: pid=14138: Mon May 12 15:40:55 2025
  write: IOPS=6958, BW=435MiB/s (456MB/s)(80.0GiB/188349msec); 0 zone resets
    slat (usec): min=15, max=408033, avg=570.25, stdev=3443.78
    clat (nsec): min=265, max=45882, avg=1035.22, stdev=802.58
     lat (usec): min=15, max=408039, avg=571.29, stdev=3444.19
    clat percentiles (nsec):
     |  1.00th=[  298],  5.00th=[  358], 10.00th=[  462], 20.00th=[  636],
     | 30.00th=[  764], 40.00th=[  900], 50.00th=[ 1020], 60.00th=[ 1080],
     | 70.00th=[ 1112], 80.00th=[ 1160], 90.00th=[ 1304], 95.00th=[ 1480],
     | 99.00th=[ 5536], 99.50th=[ 5792], 99.90th=[ 6560], 99.95th=[ 8640],
     | 99.99th=[18048]
   bw (  KiB/s): min=70727, max=2151296, per=100.00%, avg=447971.26, stdev=63674.13, samples=1497
   iops        : min= 1104, max=33614, avg=6998.94, stdev=994.96, samples=1497
  lat (nsec)   : 500=11.92%, 750=16.85%, 1000=19.75%
  lat (usec)   : 2=48.57%, 4=0.74%, 10=2.13%, 20=0.03%, 50=0.01%
  cpu          : usr=0.49%, sys=38.06%, ctx=1154245, majf=0, minf=3608
  IO depths    : 1=100.0%, 2=0.0%, 4=0.0%, 8=0.0%, 16=0.0%, 32=0.0%, >=64=0.0%
     submit    : 0=0.0%, 4=100.0%, 8=0.0%, 16=0.0%, 32=0.0%, 64=0.0%, >=64=0.0%
     complete  : 0=0.0%, 4=100.0%, 8=0.0%, 16=0.0%, 32=0.0%, 64=0.0%, >=64=0.0%
     issued rwts: total=0,1310720,0,0 short=0,0,0,0 dropped=0,0,0,0
     latency   : target=0, window=0, percentile=100.00%, depth=1

Run status group 0 (all jobs):
  WRITE: bw=435MiB/s (456MB/s), 435MiB/s-435MiB/s (456MB/s-456MB/s), io=80.0GiB (85.9GB), run=188349-188349msec

Disk stats (read/write):
  nvme0n1: ios=15709/208131, sectors=1005096/170014600, merge=0/9, ticks=5489/5449271, in_queue=5454934, util=77.32%
