randwrite: (g=0): rw=randwrite, bs=(R) 64.0KiB-64.0KiB, (W) 64.0KiB-64.0KiB, (T) 64.0KiB-64.0KiB, ioengine=libaio, iodepth=1
...
fio-3.38-4-gcd56-dirty
Starting 4 threads
randwrite: Laying out IO file (1 file / 52673MiB)

randwrite: (groupid=0, jobs=4): err= 0: pid=7450: Mon May 12 14:41:59 2025
  write: IOPS=7221, BW=451MiB/s (473MB/s)(79.3GiB/180008msec); 0 zone resets
    slat (usec): min=10, max=211972, avg=551.91, stdev=3190.19
    clat (nsec): min=257, max=51446, avg=1033.03, stdev=812.02
     lat (usec): min=11, max=211978, avg=552.94, stdev=3190.63
    clat percentiles (nsec):
     |  1.00th=[  290],  5.00th=[  322], 10.00th=[  434], 20.00th=[  644],
     | 30.00th=[  780], 40.00th=[  916], 50.00th=[ 1020], 60.00th=[ 1080],
     | 70.00th=[ 1112], 80.00th=[ 1144], 90.00th=[ 1304], 95.00th=[ 1512],
     | 99.00th=[ 5728], 99.50th=[ 5984], 99.90th=[ 6816], 99.95th=[ 9152],
     | 99.99th=[18560]
   bw (  KiB/s): min=69863, max=2124837, per=100.00%, avg=463425.01, stdev=64787.34, samples=1436
   iops        : min= 1090, max=33200, avg=7240.43, stdev=1012.34, samples=1436
  lat (nsec)   : 500=12.83%, 750=15.04%, 1000=18.85%
  lat (usec)   : 2=50.53%, 4=0.72%, 10=2.00%, 20=0.03%, 50=0.01%
  lat (usec)   : 100=0.01%
  cpu          : usr=0.50%, sys=37.14%, ctx=1140834, majf=0, minf=3569
  IO depths    : 1=100.0%, 2=0.0%, 4=0.0%, 8=0.0%, 16=0.0%, 32=0.0%, >=64=0.0%
     submit    : 0=0.0%, 4=100.0%, 8=0.0%, 16=0.0%, 32=0.0%, 64=0.0%, >=64=0.0%
     complete  : 0=0.0%, 4=100.0%, 8=0.0%, 16=0.0%, 32=0.0%, 64=0.0%, >=64=0.0%
     issued rwts: total=0,1299911,0,0 short=0,0,0,0 dropped=0,0,0,0
     latency   : target=0, window=0, percentile=100.00%, depth=1

Run status group 0 (all jobs):
  WRITE: bw=451MiB/s (473MB/s), 451MiB/s-451MiB/s (473MB/s-473MB/s), io=79.3GiB (85.2GB), run=180008-180008msec

Disk stats (read/write):
  nvme0n1: ios=18150/197553, sectors=915256/167088536, merge=0/27, ticks=8243/5431241, in_queue=5439645, util=77.06%
