randwrite: (g=0): rw=randwrite, bs=(R) 64.0KiB-64.0KiB, (W) 64.0KiB-64.0KiB, (T) 64.0KiB-64.0KiB, ioengine=libaio, iodepth=1
...
fio-3.38-4-gcd56-dirty
Starting 4 threads
randwrite: Laying out IO file (1 file / 52673MiB)

randwrite: (groupid=0, jobs=4): err= 0: pid=19218: Mon May 12 16:32:53 2025
  write: IOPS=2545, BW=159MiB/s (167MB/s)(80.0GiB/514845msec); 0 zone resets
    slat (usec): min=15, max=1216.7k, avg=1546.87, stdev=21449.42
    clat (nsec): min=261, max=134067, avg=1149.87, stdev=948.29
     lat (usec): min=15, max=1216.7k, avg=1548.02, stdev=21449.73
    clat percentiles (nsec):
     |  1.00th=[  298],  5.00th=[  370], 10.00th=[  532], 20.00th=[  756],
     | 30.00th=[  932], 40.00th=[ 1048], 50.00th=[ 1080], 60.00th=[ 1112],
     | 70.00th=[ 1144], 80.00th=[ 1192], 90.00th=[ 1336], 95.00th=[ 1656],
     | 99.00th=[ 6112], 99.50th=[ 6240], 99.90th=[ 6688], 99.95th=[ 9152],
     | 99.99th=[19072]
   bw (  KiB/s): min=  512, max=2172288, per=100.00%, avg=176798.17, stdev=59489.95, samples=3796
   iops        : min=    8, max=33942, avg=2762.15, stdev=929.57, samples=3796
  lat (nsec)   : 500=9.22%, 750=10.51%, 1000=15.64%
  lat (usec)   : 2=61.00%, 4=0.64%, 10=2.95%, 20=0.03%, 50=0.01%
  lat (usec)   : 100=0.01%, 250=0.01%
  cpu          : usr=0.19%, sys=13.15%, ctx=1174035, majf=0, minf=3547
  IO depths    : 1=100.0%, 2=0.0%, 4=0.0%, 8=0.0%, 16=0.0%, 32=0.0%, >=64=0.0%
     submit    : 0=0.0%, 4=100.0%, 8=0.0%, 16=0.0%, 32=0.0%, 64=0.0%, >=64=0.0%
     complete  : 0=0.0%, 4=100.0%, 8=0.0%, 16=0.0%, 32=0.0%, 64=0.0%, >=64=0.0%
     issued rwts: total=0,1310720,0,0 short=0,0,0,0 dropped=0,0,0,0
     latency   : target=0, window=0, percentile=100.00%, depth=1

Run status group 0 (all jobs):
  WRITE: bw=159MiB/s (167MB/s), 159MiB/s-159MiB/s (167MB/s-167MB/s), io=80.0GiB (85.9GB), run=514845-514845msec

Disk stats (read/write):
  nvme0n1: ios=719177/176772, sectors=26007504/192725472, merge=2532023/26, ticks=5022438/11988391, in_queue=17010899, util=88.26%
