Info: MKFS version
  "Linux version 6.1.54-csgc (root@ddst-52) (gcc (Ubuntu 11.4.0-1ubuntu1~22.04) 11.4.0, GNU ld (GNU Binutils for Ubuntu) 2.38) #1 SMP PREEMPT_DYNAMIC Tue Apr  8 12:49:22 CST 2025"
Info: FSCK version
  from "Linux version 6.1.54-csgc (root@ddst-52) (gcc (Ubuntu 11.4.0-1ubuntu1~22.04) 11.4.0, GNU ld (GNU Binutils for Ubuntu) 2.38) #1 SMP PREEMPT_DYNAMIC Tue Apr  8 12:49:22 CST 2025"
    to "Linux version 6.1.54-csgc (root@ddst-52) (gcc (Ubuntu 11.4.0-1ubuntu1~22.04) 11.4.0, GNU ld (GNU Binutils for Ubuntu) 2.38) #1 SMP PREEMPT_DYNAMIC Tue Apr  8 12:49:22 CST 2025"
Info: superblock features = 0 : 
Info: superblock encrypt level = 0, salt = 00000000000000000000000000000000
Info: Segments per section = 8
Info: Sections per zone = 1
Info: total FS sectors = 15679642 (61248 MB)
Info: CKPT version = 338117c2
Info: Checked valid nat_bits in checkpoint
Info: checkpoint state = c5 :  nat_bits crc compacted_summary unmount
[FSCK] Check node 1494 / 14943 (10.00%)
[FSCK] Check node 2988 / 14943 (20.00%)
[FSCK] Check node 4482 / 14943 (30.00%)
[FSCK] Check node 5976 / 14943 (40.00%)
[FSCK] Check node 7470 / 14943 (50.00%)
[FSCK] Check node 8964 / 14943 (60.00%)
[FSCK] Check node 10458 / 14943 (70.00%)
[FSCK] Check node 11952 / 14943 (80.00%)
[FSCK] Check node 13446 / 14943 (90.00%)
[FSCK] Check node 14940 / 14943 (100.00%)

[FSCK] Max image size: 58928 MB, Free space: 2320 MB
[FSCK] Unreachable nat entries                        [Ok..] [0x0]
[FSCK] SIT valid block bitmap checking                [Ok..]
[FSCK] Hard link checking for regular file            [Ok..] [0x0]
[FSCK] valid_block_count matching with CP             [Ok..] [0xe49fae]
[FSCK] valid_node_count matching with CP (de lookup)  [Ok..] [0x3a5f]
[FSCK] valid_node_count matching with CP (nat lookup) [Ok..] [0x3a5f]
[FSCK] valid_inode_count matched with CP              [Ok..] [0xd6]
[FSCK] free segment_count matched with CP             [Ok..] [0x221]
[FSCK] next block offset is free                      [Ok..]
[FSCK] fixing SIT types
[FSCK] other corrupted bugs                           [Ok..]

Done: 8.113379 secs
