randwrite: (g=0): rw=randwrite, bs=(R) 64.0KiB-64.0KiB, (W) 64.0KiB-64.0KiB, (T) 64.0KiB-64.0KiB, ioengine=libaio, iodepth=1
...
fio-3.38-4-gcd56-dirty
Starting 4 threads
randwrite: Laying out IO file (1 file / 52673MiB)

randwrite: (groupid=0, jobs=4): err= 0: pid=3747: Mon May 12 20:19:38 2025
  write: IOPS=5185, BW=324MiB/s (340MB/s)(80.0GiB/252775msec); 0 zone resets
    slat (usec): min=16, max=22318k, avg=763.95, stdev=40313.00
    clat (nsec): min=253, max=82788, avg=1211.58, stdev=857.19
     lat (usec): min=17, max=22318k, avg=765.16, stdev=40313.06
    clat percentiles (nsec):
     |  1.00th=[  306],  5.00th=[  474], 10.00th=[  668], 20.00th=[  876],
     | 30.00th=[ 1032], 40.00th=[ 1080], 50.00th=[ 1128], 60.00th=[ 1160],
     | 70.00th=[ 1208], 80.00th=[ 1288], 90.00th=[ 1416], 95.00th=[ 1704],
     | 99.00th=[ 5728], 99.50th=[ 5920], 99.90th=[ 6432], 99.95th=[ 8384],
     | 99.99th=[17536]
   bw (  KiB/s): min= 1795, max=2230016, per=100.00%, avg=379785.37, stdev=53382.44, samples=1766
   iops        : min=   28, max=34844, avg=5933.91, stdev=834.15, samples=1766
  lat (nsec)   : 500=5.59%, 750=8.18%, 1000=13.77%
  lat (usec)   : 2=68.70%, 4=0.81%, 10=2.91%, 20=0.03%, 50=0.01%
  lat (usec)   : 100=0.01%
  cpu          : usr=0.43%, sys=27.83%, ctx=1197654, majf=0, minf=3549
  IO depths    : 1=100.0%, 2=0.0%, 4=0.0%, 8=0.0%, 16=0.0%, 32=0.0%, >=64=0.0%
     submit    : 0=0.0%, 4=100.0%, 8=0.0%, 16=0.0%, 32=0.0%, 64=0.0%, >=64=0.0%
     complete  : 0=0.0%, 4=100.0%, 8=0.0%, 16=0.0%, 32=0.0%, 64=0.0%, >=64=0.0%
     issued rwts: total=0,1310720,0,0 short=0,0,0,0 dropped=0,0,0,0
     latency   : target=0, window=0, percentile=100.00%, depth=1

Run status group 0 (all jobs):
  WRITE: bw=324MiB/s (340MB/s), 324MiB/s-324MiB/s (340MB/s-340MB/s), io=80.0GiB (85.9GB), run=252775-252775msec

Disk stats (read/write):
  nvme0n1: ios=38/129389, sectors=304/163824056, merge=0/1, ticks=80/8853222, in_queue=10032324, util=96.54%
