randwrite: (g=0): rw=randwrite, bs=(R) 64.0KiB-64.0KiB, (W) 64.0KiB-64.0KiB, (T) 64.0KiB-64.0KiB, ioengine=libaio, iodepth=1
...
fio-3.38-4-gcd56-dirty
Starting 4 threads
randwrite: Laying out IO file (1 file / 58186MiB)

randwrite: (groupid=0, jobs=4): err= 0: pid=22261: Mon May 12 15:52:52 2025
  write: IOPS=6473, BW=405MiB/s (424MB/s)(80.0GiB/202476msec); 0 zone resets
    slat (usec): min=14, max=564333, avg=604.20, stdev=4001.27
    clat (nsec): min=252, max=272312, avg=997.10, stdev=876.77
     lat (usec): min=15, max=564340, avg=605.20, stdev=4001.66
    clat percentiles (nsec):
     |  1.00th=[  286],  5.00th=[  310], 10.00th=[  378], 20.00th=[  564],
     | 30.00th=[  708], 40.00th=[  852], 50.00th=[  988], 60.00th=[ 1064],
     | 70.00th=[ 1096], 80.00th=[ 1144], 90.00th=[ 1288], 95.00th=[ 1480],
     | 99.00th=[ 5600], 99.50th=[ 5920], 99.90th=[ 7008], 99.95th=[ 9408],
     | 99.99th=[18816]
   bw (  KiB/s): min=50456, max=2058624, per=100.00%, avg=422278.89, stdev=68805.97, samples=1585
   iops        : min=  788, max=32166, avg=6598.02, stdev=1075.10, samples=1585
  lat (nsec)   : 500=17.08%, 750=15.71%, 1000=17.86%
  lat (usec)   : 2=46.51%, 4=0.82%, 10=1.97%, 20=0.04%, 50=0.01%
  lat (usec)   : 100=0.01%, 250=0.01%, 500=0.01%
  cpu          : usr=0.43%, sys=34.18%, ctx=1162531, majf=0, minf=11694
  IO depths    : 1=100.0%, 2=0.0%, 4=0.0%, 8=0.0%, 16=0.0%, 32=0.0%, >=64=0.0%
     submit    : 0=0.0%, 4=100.0%, 8=0.0%, 16=0.0%, 32=0.0%, 64=0.0%, >=64=0.0%
     complete  : 0=0.0%, 4=100.0%, 8=0.0%, 16=0.0%, 32=0.0%, 64=0.0%, >=64=0.0%
     issued rwts: total=0,1310720,0,0 short=0,0,0,0 dropped=0,0,0,0
     latency   : target=0, window=0, percentile=100.00%, depth=1

Run status group 0 (all jobs):
  WRITE: bw=405MiB/s (424MB/s), 405MiB/s-405MiB/s (424MB/s-424MB/s), io=80.0GiB (85.9GB), run=202476-202476msec

Disk stats (read/write):
  nvme0n1: ios=25843/223677, sectors=1294208/174181376, merge=0/35, ticks=15510/5645434, in_queue=5661033, util=77.34%
