randwrite: (g=0): rw=randwrite, bs=(R) 64.0KiB-64.0KiB, (W) 64.0KiB-64.0KiB, (T) 64.0KiB-64.0KiB, ioengine=libaio, iodepth=1
...
fio-3.38-4-gcd56-dirty
Starting 4 threads
randwrite: Laying out IO file (1 file / 52673MiB)

randwrite: (groupid=0, jobs=4): err= 0: pid=11316: Mon May 12 14:04:21 2025
  write: IOPS=6956, BW=435MiB/s (456MB/s)(80.0GiB/188429msec); 0 zone resets
    slat (usec): min=15, max=211880, avg=566.47, stdev=3607.26
    clat (nsec): min=253, max=102774, avg=1009.25, stdev=825.92
     lat (usec): min=15, max=211886, avg=567.48, stdev=3607.68
    clat percentiles (nsec):
     |  1.00th=[  294],  5.00th=[  330], 10.00th=[  410], 20.00th=[  572],
     | 30.00th=[  708], 40.00th=[  852], 50.00th=[  988], 60.00th=[ 1080],
     | 70.00th=[ 1128], 80.00th=[ 1160], 90.00th=[ 1320], 95.00th=[ 1528],
     | 99.00th=[ 5728], 99.50th=[ 6048], 99.90th=[ 7072], 99.95th=[ 9024],
     | 99.99th=[18816]
   bw (  KiB/s): min=60800, max=2080640, per=100.00%, avg=450070.01, stdev=71871.79, samples=1486
   iops        : min=  950, max=32510, avg=7032.35, stdev=1123.00, samples=1486
  lat (nsec)   : 500=15.81%, 750=17.23%, 1000=17.61%
  lat (usec)   : 2=46.50%, 4=1.01%, 10=1.80%, 20=0.03%, 50=0.01%
  lat (usec)   : 100=0.01%, 250=0.01%
  cpu          : usr=0.47%, sys=36.06%, ctx=1127794, majf=0, minf=8000
  IO depths    : 1=100.0%, 2=0.0%, 4=0.0%, 8=0.0%, 16=0.0%, 32=0.0%, >=64=0.0%
     submit    : 0=0.0%, 4=100.0%, 8=0.0%, 16=0.0%, 32=0.0%, 64=0.0%, >=64=0.0%
     complete  : 0=0.0%, 4=100.0%, 8=0.0%, 16=0.0%, 32=0.0%, 64=0.0%, >=64=0.0%
     issued rwts: total=0,1310720,0,0 short=0,0,0,0 dropped=0,0,0,0
     latency   : target=0, window=0, percentile=100.00%, depth=1

Run status group 0 (all jobs):
  WRITE: bw=435MiB/s (456MB/s), 435MiB/s-435MiB/s (456MB/s-456MB/s), io=80.0GiB (85.9GB), run=188429-188429msec

Disk stats (read/write):
  nvme0n1: ios=16886/213602, sectors=1080536/170888944, merge=0/19, ticks=6533/5885148, in_queue=5891751, util=77.85%
