java -cp /home/jin/csgc-artifacts/host/benchmarks/ycsb-0.17.0/jdbc-binding/conf:/home/jin/csgc-artifacts/host/benchmarks/ycsb-0.17.0/conf:/home/jin/csgc-artifacts/host/benchmarks/ycsb-0.17.0/lib/HdrHistogram-2.1.4.jar:/home/jin/csgc-artifacts/host/benchmarks/ycsb-0.17.0/lib/jackson-mapper-asl-1.9.4.jar:/home/jin/csgc-artifacts/host/benchmarks/ycsb-0.17.0/lib/mysql-connector-j-9.0.0.jar:/home/jin/csgc-artifacts/host/benchmarks/ycsb-0.17.0/lib/jackson-core-asl-1.9.4.jar:/home/jin/csgc-artifacts/host/benchmarks/ycsb-0.17.0/lib/htrace-core4-4.1.0-incubating.jar:/home/jin/csgc-artifacts/host/benchmarks/ycsb-0.17.0/lib/core-0.17.0.jar:/home/jin/csgc-artifacts/host/benchmarks/ycsb-0.17.0/jdbc-binding/lib/commons-lang-2.4.jar:/home/jin/csgc-artifacts/host/benchmarks/ycsb-0.17.0/jdbc-binding/lib/geronimo-jms_1.1_spec-1.1.1.jar:/home/jin/csgc-artifacts/host/benchmarks/ycsb-0.17.0/jdbc-binding/lib/jdbc-binding-0.17.0.jar:/home/jin/csgc-artifacts/host/benchmarks/ycsb-0.17.0/jdbc-binding/lib/geronimo-jta_1.1_spec-1.1.1.jar:/home/jin/csgc-artifacts/host/benchmarks/ycsb-0.17.0/jdbc-binding/lib/commons-collections-3.2.1.jar:/home/jin/csgc-artifacts/host/benchmarks/ycsb-0.17.0/jdbc-binding/lib/serp-1.13.1.jar:/home/jin/csgc-artifacts/host/benchmarks/ycsb-0.17.0/jdbc-binding/lib/openjpa-kernel-2.1.1.jar:/home/jin/csgc-artifacts/host/benchmarks/ycsb-0.17.0/jdbc-binding/lib/commons-pool-1.5.4.jar:/home/jin/csgc-artifacts/host/benchmarks/ycsb-0.17.0/jdbc-binding/lib/openjpa-lib-2.1.1.jar:/home/jin/csgc-artifacts/host/benchmarks/ycsb-0.17.0/jdbc-binding/lib/openjpa-jdbc-2.1.1.jar site.ycsb.Client -db site.ycsb.db.JdbcDBClient -P /home/jin/csgc-artifacts/host/benchmarks/myworkloads/ycsb/workloadf -P ../ycsb-0.17.0/jdbc-binding/conf/db.properties -p db.driver=com.mysql.jdbc.Driver -p db.url=jdbc:mysql://localhost:3306/ycsb_db -p db.user=ycsb_user -p db.passwd=1111 -p recordcount=1000000 -p fieldcount=16 -p fieldlength=64 -p minfieldlength=16 -p operationcount=1000000 -p readallfields=true -p writeallfields=false -threads 36 -s -t
Command line: -db site.ycsb.db.JdbcDBClient -P /home/jin/csgc-artifacts/host/benchmarks/myworkloads/ycsb/workloadf -P ../ycsb-0.17.0/jdbc-binding/conf/db.properties -p db.driver=com.mysql.jdbc.Driver -p db.url=jdbc:mysql://localhost:3306/ycsb_db -p db.user=ycsb_user -p db.passwd=1111 -p recordcount=1000000 -p fieldcount=16 -p fieldlength=64 -p minfieldlength=16 -p operationcount=1000000 -p readallfields=true -p writeallfields=false -threads 36 -s -t
YCSB Client 0.17.0

Loading workload...
Starting test.
Loading class `com.mysql.jdbc.Driver'. This is deprecated. The new driver class is `com.mysql.cj.jdbc.Driver'. The driver is automatically registered via the SPI and manual loading of the driver class is generally unnecessary.
Adding shard node URL: jdbc:mysql://localhost:3306/ycsb_db
Adding shard node URL: jdbc:mysql://localhost:3306/ycsb_db
Adding shard node URL: jdbc:mysql://localhost:3306/ycsb_db
Adding shard node URL: jdbc:mysql://localhost:3306/ycsb_db
Adding shard node URL: jdbc:mysql://localhost:3306/ycsb_db
Adding shard node URL: jdbc:mysql://localhost:3306/ycsb_db
Adding shard node URL: jdbc:mysql://localhost:3306/ycsb_db
Adding shard node URL: jdbc:mysql://localhost:3306/ycsb_db
Adding shard node URL: jdbc:mysql://localhost:3306/ycsb_db
Adding shard node URL: jdbc:mysql://localhost:3306/ycsb_db
Adding shard node URL: jdbc:mysql://localhost:3306/ycsb_db
Adding shard node URL: jdbc:mysql://localhost:3306/ycsb_db
Adding shard node URL: jdbc:mysql://localhost:3306/ycsb_db
Adding shard node URL: jdbc:mysql://localhost:3306/ycsb_db
Adding shard node URL: jdbc:mysql://localhost:3306/ycsb_db
Adding shard node URL: jdbc:mysql://localhost:3306/ycsb_db
Adding shard node URL: jdbc:mysql://localhost:3306/ycsb_db
Adding shard node URL: jdbc:mysql://localhost:3306/ycsb_db
Adding shard node URL: jdbc:mysql://localhost:3306/ycsb_db
Adding shard node URL: jdbc:mysql://localhost:3306/ycsb_db
Adding shard node URL: jdbc:mysql://localhost:3306/ycsb_db
Adding shard node URL: jdbc:mysql://localhost:3306/ycsb_db
Adding shard node URL: jdbc:mysql://localhost:3306/ycsb_db
Adding shard node URL: jdbc:mysql://localhost:3306/ycsb_db
Adding shard node URL: jdbc:mysql://localhost:3306/ycsb_db
Adding shard node URL: jdbc:mysql://localhost:3306/ycsb_db
Adding shard node URL: jdbc:mysql://localhost:3306/ycsb_db
Adding shard node URL: jdbc:mysql://localhost:3306/ycsb_db
Adding shard node URL: jdbc:mysql://localhost:3306/ycsb_db
Adding shard node URL: jdbc:mysql://localhost:3306/ycsb_db
Adding shard node URL: jdbc:mysql://localhost:3306/ycsb_db
Adding shard node URL: jdbc:mysql://localhost:3306/ycsb_db
Adding shard node URL: jdbc:mysql://localhost:3306/ycsb_db
Adding shard node URL: jdbc:mysql://localhost:3306/ycsb_db
Adding shard node URL: jdbc:mysql://localhost:3306/ycsb_db
Adding shard node URL: jdbc:mysql://localhost:3306/ycsb_db
2025-05-12 16:16:20:848 0 sec: 0 operations; est completion in 0 second 
Using shards: 1, batchSize:-1, fetchSize: -1
Using shards: 1, batchSize:-1, fetchSize: -1
Using shards: 1, batchSize:-1, fetchSize: -1
Using shards: 1, batchSize:-1, fetchSize: -1
Using shards: 1, batchSize:-1, fetchSize: -1
Using shards: 1, batchSize:-1, fetchSize: -1
Using shards: 1, batchSize:-1, fetchSize: -1
Using shards: 1, batchSize:-1, fetchSize: -1
Using shards: 1, batchSize:-1, fetchSize: -1
DBWrapper: report latency for each error is false and specific error codes to track for latency are: []
DBWrapper: report latency for each error is false and specific error codes to track for latency are: []
DBWrapper: report latency for each error is false and specific error codes to track for latency are: []
DBWrapper: report latency for each error is false and specific error codes to track for latency are: []
DBWrapper: report latency for each error is false and specific error codes to track for latency are: []
DBWrapper: report latency for each error is false and specific error codes to track for latency are: []
DBWrapper: report latency for each error is false and specific error codes to track for latency are: []
DBWrapper: report latency for each error is false and specific error codes to track for latency are: []
DBWrapper: report latency for each error is false and specific error codes to track for latency are: []
Using shards: 1, batchSize:-1, fetchSize: -1
DBWrapper: report latency for each error is false and specific error codes to track for latency are: []
Using shards: 1, batchSize:-1, fetchSize: -1
DBWrapper: report latency for each error is false and specific error codes to track for latency are: []
Using shards: 1, batchSize:-1, fetchSize: -1
DBWrapper: report latency for each error is false and specific error codes to track for latency are: []
Using shards: 1, batchSize:-1, fetchSize: -1
Using shards: 1, batchSize:-1, fetchSize: -1DBWrapper: report latency for each error is false and specific error codes to track for latency are: []

DBWrapper: report latency for each error is false and specific error codes to track for latency are: []
Using shards: 1, batchSize:-1, fetchSize: -1
DBWrapper: report latency for each error is false and specific error codes to track for latency are: []
Using shards: 1, batchSize:-1, fetchSize: -1
DBWrapper: report latency for each error is false and specific error codes to track for latency are: []Using shards: 1, batchSize:-1, fetchSize: -1

DBWrapper: report latency for each error is false and specific error codes to track for latency are: []
Using shards: 1, batchSize:-1, fetchSize: -1
DBWrapper: report latency for each error is false and specific error codes to track for latency are: []
Using shards: 1, batchSize:-1, fetchSize: -1
DBWrapper: report latency for each error is false and specific error codes to track for latency are: []
Using shards: 1, batchSize:-1, fetchSize: -1
DBWrapper: report latency for each error is false and specific error codes to track for latency are: []
Using shards: 1, batchSize:-1, fetchSize: -1
Using shards: 1, batchSize:-1, fetchSize: -1DBWrapper: report latency for each error is false and specific error codes to track for latency are: []

DBWrapper: report latency for each error is false and specific error codes to track for latency are: []
Using shards: 1, batchSize:-1, fetchSize: -1
DBWrapper: report latency for each error is false and specific error codes to track for latency are: []
Using shards: 1, batchSize:-1, fetchSize: -1
Using shards: 1, batchSize:-1, fetchSize: -1DBWrapper: report latency for each error is false and specific error codes to track for latency are: []

DBWrapper: report latency for each error is false and specific error codes to track for latency are: []
Using shards: 1, batchSize:-1, fetchSize: -1
Using shards: 1, batchSize:-1, fetchSize: -1DBWrapper: report latency for each error is false and specific error codes to track for latency are: []

DBWrapper: report latency for each error is false and specific error codes to track for latency are: []
Using shards: 1, batchSize:-1, fetchSize: -1
DBWrapper: report latency for each error is false and specific error codes to track for latency are: []
Using shards: 1, batchSize:-1, fetchSize: -1
DBWrapper: report latency for each error is false and specific error codes to track for latency are: []
Using shards: 1, batchSize:-1, fetchSize: -1
DBWrapper: report latency for each error is false and specific error codes to track for latency are: []
Using shards: 1, batchSize:-1, fetchSize: -1
DBWrapper: report latency for each error is false and specific error codes to track for latency are: []
Using shards: 1, batchSize:-1, fetchSize: -1
DBWrapper: report latency for each error is false and specific error codes to track for latency are: []
Using shards: 1, batchSize:-1, fetchSize: -1
Using shards: 1, batchSize:-1, fetchSize: -1DBWrapper: report latency for each error is false and specific error codes to track for latency are: []

DBWrapper: report latency for each error is false and specific error codes to track for latency are: []
Using shards: 1, batchSize:-1, fetchSize: -1
DBWrapper: report latency for each error is false and specific error codes to track for latency are: []
Using shards: 1, batchSize:-1, fetchSize: -1
DBWrapper: report latency for each error is false and specific error codes to track for latency are: []
2025-05-12 16:16:30:754 10 sec: 73443 operations; 7343.57 current ops/sec; est completion in 2 minutes [READ: Count=73486, Max=3203071, Min=104, Avg=2894.07, 90=3081, 99=5687, 99.9=83007, 99.99=3203071] [READ-MODIFY-WRITE: Count=59037, Max=3209215, Min=513, Avg=4513.66, 90=5187, 99=10031, 99.9=97151, 99.99=3207167] [UPDATE: Count=59098, Max=35647, Min=374, Avg=1861.05, 90=2565, 99=5799, 99.9=15791, 99.99=25823] 
2025-05-12 16:16:40:753 20 sec: 197779 operations; 12434.84 current ops/sec; est completion in 1 minute [READ: Count=124314, Max=29631, Min=103, Avg=1376.22, 90=3223, 99=5247, 99.9=24271, 99.99=29071] [READ-MODIFY-WRITE: Count=99538, Max=58687, Min=542, Avg=3265.4, 90=5231, 99=8607, 99.9=28655, 99.99=58271] [UPDATE: Count=99477, Max=53983, Min=395, Avg=1883.81, 90=2499, 99=5283, 99.9=24095, 99.99=53631] 
2025-05-12 16:16:50:753 30 sec: 318862 operations; 12108.3 current ops/sec; est completion in 1 minute [READ: Count=121102, Max=48703, Min=99, Avg=1374.39, 90=3199, 99=5335, 99.9=24351, 99.99=46271] [READ-MODIFY-WRITE: Count=97064, Max=55967, Min=571, Avg=3370.97, 90=5239, 99=15183, 99.9=35167, 99.99=52895] [UPDATE: Count=97122, Max=55679, Min=408, Avg=1988.02, 90=2543, 99=6747, 99.9=32799, 99.99=52127] 
2025-05-12 16:17:00:752 40 sec: 395562 operations; 7670 current ops/sec; est completion in 1 minute [READ: Count=76688, Max=113919, Min=100, Avg=1927.06, 90=3489, 99=22671, 99.9=96447, 99.99=112383] [READ-MODIFY-WRITE: Count=61307, Max=116351, Min=560, Avg=5392.73, 90=6459, 99=90239, 99.9=100991, 99.99=115519] [UPDATE: Count=61269, Max=115647, Min=396, Avg=3453.17, 90=3581, 99=30367, 99.9=96959, 99.99=99583] 
2025-05-12 16:17:10:753 50 sec: 414101 operations; 1853.9 current ops/sec; est completion in 1 minute [READ: Count=18539, Max=115071, Min=122, Avg=8120.71, 90=5463, 99=101055, 99.9=108479, 99.99=111871] [READ-MODIFY-WRITE: Count=14985, Max=208767, Min=622, Avg=22165.01, 90=92607, 99=107263, 99.9=118335, 99.99=206591] [UPDATE: Count=14982, Max=205055, Min=454, Avg=13973.01, 90=89151, 99=102463, 99.9=111487, 99.99=202367] 
2025-05-12 16:17:20:753 60 sec: 437606 operations; 2350.5 current ops/sec; est completion in 1 minute [READ: Count=23480, Max=122367, Min=108, Avg=6236.18, 90=4571, 99=91455, 99.9=111295, 99.99=121407] [READ-MODIFY-WRITE: Count=18686, Max=124351, Min=676, Avg=17586.44, 90=87423, 99=102207, 99.9=116095, 99.99=122367] [UPDATE: Count=18669, Max=114623, Min=475, Avg=11391.57, 90=68351, 99=95743, 99.9=112127, 99.99=113535] 
2025-05-12 16:17:30:753 70 sec: 464004 operations; 2639.8 current ops/sec; est completion in 1 minute [READ: Count=26420, Max=107903, Min=114, Avg=5525.65, 90=4195, 99=89407, 99.9=104703, 99.99=107135] [READ-MODIFY-WRITE: Count=21102, Max=120959, Min=671, Avg=15592.32, 90=80959, 99=100159, 99.9=117951, 99.99=120959] [UPDATE: Count=21102, Max=119871, Min=497, Avg=10020.88, 90=20111, 99=91391, 99.9=116735, 99.99=118207] 
2025-05-12 16:17:40:753 80 sec: 487341 operations; 2333.7 current ops/sec; est completion in 1 minute [READ: Count=23348, Max=108991, Min=116, Avg=6119.86, 90=4319, 99=91135, 99.9=103615, 99.99=107647] [READ-MODIFY-WRITE: Count=18747, Max=116287, Min=556, Avg=17891.09, 90=86527, 99=105215, 99.9=114111, 99.99=115967] [UPDATE: Count=18748, Max=115711, Min=425, Avg=11726.89, 90=77887, 99=101759, 99.9=110015, 99.99=111615] 
2025-05-12 16:17:50:753 90 sec: 510450 operations; 2310.9 current ops/sec; est completion in 1 minute [READ: Count=23097, Max=109951, Min=116, Avg=5735.95, 90=3895, 99=92159, 99.9=106559, 99.99=108607] [READ-MODIFY-WRITE: Count=18500, Max=125631, Min=751, Avg=17928.86, 90=86655, 99=106559, 99.9=120575, 99.99=125311] [UPDATE: Count=18499, Max=125055, Min=575, Avg=12196.98, 90=76799, 99=102079, 99.9=114431, 99.99=124159] 
2025-05-12 16:18:00:753 100 sec: 542763 operations; 3231.3 current ops/sec; est completion in 1 minute [READ: Count=32312, Max=107455, Min=117, Avg=4260.3, 90=3931, 99=80383, 99.9=98943, 99.99=106431] [READ-MODIFY-WRITE: Count=25813, Max=122687, Min=630, Avg=12915.38, 90=66495, 99=94655, 99.9=118783, 99.99=122431] [UPDATE: Count=25813, Max=118975, Min=464, Avg=8627.24, 90=12751, 99=84991, 99.9=117823, 99.99=118911] 
2025-05-12 16:18:10:753 110 sec: 572594 operations; 2983.1 current ops/sec; est completion in 1 minute [READ: Count=29838, Max=116287, Min=112, Avg=4656.29, 90=3955, 99=84415, 99.9=95359, 99.99=113279] [READ-MODIFY-WRITE: Count=23855, Max=120575, Min=685, Avg=13978.94, 90=73919, 99=96511, 99.9=111999, 99.99=115199] [UPDATE: Count=23890, Max=113471, Min=528, Avg=9280.24, 90=15167, 99=90239, 99.9=107391, 99.99=111807] 
2025-05-12 16:18:20:753 120 sec: 601781 operations; 2918.7 current ops/sec; est completion in 1 minute [READ: Count=29175, Max=111871, Min=118, Avg=4685.13, 90=3843, 99=86207, 99.9=104063, 99.99=111615] [READ-MODIFY-WRITE: Count=23332, Max=114367, Min=589, Avg=14159.45, 90=75263, 99=99519, 99.9=111231, 99.99=114239] [UPDATE: Count=23324, Max=111103, Min=432, Avg=9511.1, 90=17103, 99=93375, 99.9=108095, 99.99=111039] 
2025-05-12 16:18:30:753 130 sec: 625916 operations; 2413.5 current ops/sec; est completion in 1 minute [READ: Count=24144, Max=202239, Min=108, Avg=5915.92, 90=3905, 99=95487, 99.9=197119, 99.99=200959] [READ-MODIFY-WRITE: Count=19250, Max=206079, Min=726, Avg=17375.87, 90=85631, 99=107583, 99.9=200319, 99.99=204543] [UPDATE: Count=19223, Max=204031, Min=523, Avg=11320.89, 90=63647, 99=98943, 99.9=116351, 99.99=203391] 
2025-05-12 16:18:40:752 140 sec: 653845 operations; 2792.9 current ops/sec; est completion in 1 minute [READ: Count=27923, Max=124607, Min=114, Avg=4583.2, 90=3753, 99=86143, 99.9=98943, 99.99=111295] [READ-MODIFY-WRITE: Count=22407, Max=126463, Min=701, Avg=14885.84, 90=80063, 99=98623, 99.9=115455, 99.99=124735] [UPDATE: Count=22408, Max=114751, Min=497, Avg=10368.55, 90=23359, 99=94335, 99.9=110975, 99.99=114687] 
2025-05-12 16:18:50:753 150 sec: 679073 operations; 2522.8 current ops/sec; est completion in 1 minute [READ: Count=25230, Max=108735, Min=115, Avg=5497.62, 90=4191, 99=94271, 99.9=102271, 99.99=105919] [READ-MODIFY-WRITE: Count=20334, Max=119295, Min=698, Avg=16327.52, 90=83327, 99=102527, 99.9=118335, 99.99=118975] [UPDATE: Count=20392, Max=118655, Min=507, Avg=10834.74, 90=24559, 99=96447, 99.9=115839, 99.99=116543] 
2025-05-12 16:19:00:753 160 sec: 703182 operations; 2410.9 current ops/sec; est completion in 1 minute [READ: Count=24102, Max=112575, Min=115, Avg=5806.99, 90=4059, 99=91391, 99.9=100351, 99.99=111423] [READ-MODIFY-WRITE: Count=19193, Max=218751, Min=632, Avg=17150.53, 90=85951, 99=101567, 99.9=114943, 99.99=116863] [UPDATE: Count=19146, Max=214527, Min=444, Avg=11396.31, 90=73855, 99=97023, 99.9=110783, 99.99=114623] 
2025-05-12 16:19:10:753 170 sec: 730775 operations; 2759.02 current ops/sec; est completion in 1 minute [READ: Count=27612, Max=113535, Min=112, Avg=4977.67, 90=3915, 99=87423, 99.9=100159, 99.99=112639] [READ-MODIFY-WRITE: Count=22026, Max=121599, Min=486, Avg=15222.87, 90=79999, 99=104767, 99.9=115519, 99.99=119231] [UPDATE: Count=22014, Max=121215, Min=359, Avg=10157.32, 90=18911, 99=95167, 99.9=113023, 99.99=116351] 
2025-05-12 16:19:20:753 180 sec: 754298 operations; 2352.3 current ops/sec; est completion in 59 seconds [READ: Count=23515, Max=110975, Min=119, Avg=5431.96, 90=4005, 99=91647, 99.9=102911, 99.99=105855] [READ-MODIFY-WRITE: Count=18825, Max=197375, Min=732, Avg=17684.66, 90=87167, 99=105023, 99.9=129471, 99.99=132351] [UPDATE: Count=18825, Max=128383, Min=540, Avg=12294.66, 90=77375, 99=99199, 99.9=123967, 99.99=127295] 
2025-05-12 16:19:30:753 190 sec: 779445 operations; 2514.95 current ops/sec; est completion in 54 seconds [READ: Count=25144, Max=196991, Min=117, Avg=5640.95, 90=4099, 99=91199, 99.9=102783, 99.99=106943] [READ-MODIFY-WRITE: Count=20141, Max=200319, Min=655, Avg=16328.88, 90=83007, 99=101631, 99.9=116671, 99.99=193919] [UPDATE: Count=20141, Max=116543, Min=485, Avg=10775.58, 90=38815, 99=93503, 99.9=107583, 99.99=116287] 
2025-05-12 16:19:40:753 200 sec: 801074 operations; 2162.9 current ops/sec; est completion in 50 seconds [READ: Count=21623, Max=111551, Min=118, Avg=6524.96, 90=4207, 99=96831, 99.9=108479, 99.99=110975] [READ-MODIFY-WRITE: Count=17325, Max=124991, Min=936, Avg=19202.98, 90=89791, 99=106943, 99.9=117695, 99.99=124799] [UPDATE: Count=17325, Max=120255, Min=623, Avg=12692.35, 90=82111, 99=99519, 99.9=116735, 99.99=117375] 
2025-05-12 16:19:50:753 210 sec: 824612 operations; 2353.8 current ops/sec; est completion in 45 seconds [READ: Count=23535, Max=113279, Min=107, Avg=5998.1, 90=4103, 99=95423, 99.9=105663, 99.99=111231] [READ-MODIFY-WRITE: Count=18890, Max=189567, Min=568, Avg=17482.64, 90=86207, 99=105151, 99.9=110847, 99.99=114943] [UPDATE: Count=18890, Max=107647, Min=424, Avg=11530.8, 90=75903, 99=98047, 99.9=106239, 99.99=106943] 
2025-05-12 16:20:00:753 220 sec: 845179 operations; 2056.7 current ops/sec; est completion in 41 seconds [READ: Count=20571, Max=287231, Min=105, Avg=6753.56, 90=4179, 99=94079, 99.9=112767, 99.99=286975] [READ-MODIFY-WRITE: Count=16450, Max=293119, Min=636, Avg=20277.36, 90=91071, 99=112319, 99.9=290559, 99.99=292095] [UPDATE: Count=16450, Max=293119, Min=470, Avg=13509.91, 90=83519, 99=108927, 99.9=290047, 99.99=291071] 
2025-05-12 16:20:10:753 230 sec: 867358 operations; 2217.9 current ops/sec; est completion in 36 seconds [READ: Count=22181, Max=138111, Min=115, Avg=6261.72, 90=4135, 99=94975, 99.9=128703, 99.99=136575] [READ-MODIFY-WRITE: Count=17713, Max=140671, Min=647, Avg=18534.68, 90=89215, 99=105279, 99.9=132479, 99.99=139391] [UPDATE: Count=17713, Max=136063, Min=472, Avg=12337.87, 90=82431, 99=97023, 99.9=107391, 99.99=111935] 
2025-05-12 16:20:20:752 240 sec: 887852 operations; 2049.4 current ops/sec; est completion in 31 seconds [READ: Count=20499, Max=115775, Min=112, Avg=6508.42, 90=4207, 99=95999, 99.9=109951, 99.99=114111] [READ-MODIFY-WRITE: Count=16355, Max=208511, Min=918, Avg=20547.82, 90=91391, 99=108095, 99.9=115647, 99.99=208511] [UPDATE: Count=16355, Max=115391, Min=629, Avg=13998.11, 90=86911, 99=103295, 99.9=114559, 99.99=115391] 
2025-05-12 16:20:30:753 250 sec: 908516 operations; 2066.4 current ops/sec; est completion in 26 seconds [READ: Count=20669, Max=114687, Min=105, Avg=6530.68, 90=3993, 99=97279, 99.9=113535, 99.99=114495] [READ-MODIFY-WRITE: Count=16468, Max=211071, Min=695, Avg=20171.41, 90=90751, 99=108607, 99.9=205567, 99.99=206847] [UPDATE: Count=16468, Max=210815, Min=501, Avg=13626.29, 90=85887, 99=103103, 99.9=204415, 99.99=206591] 
2025-05-12 16:20:40:752 260 sec: 931959 operations; 2344.3 current ops/sec; est completion in 19 seconds [READ: Count=23431, Max=118847, Min=110, Avg=5697.13, 90=4051, 99=93887, 99.9=106815, 99.99=116799] [READ-MODIFY-WRITE: Count=18816, Max=209919, Min=687, Avg=17742.88, 90=86463, 99=105279, 99.9=115519, 99.99=121599] [UPDATE: Count=18837, Max=204159, Min=515, Avg=12038.78, 90=79167, 99=98815, 99.9=113407, 99.99=115135] 
2025-05-12 16:20:50:753 270 sec: 954595 operations; 2263.6 current ops/sec; est completion in 13 seconds [READ: Count=22632, Max=130815, Min=112, Avg=5833.04, 90=3993, 99=95423, 99.9=125567, 99.99=130751] [READ-MODIFY-WRITE: Count=18128, Max=206719, Min=711, Avg=18351.28, 90=88831, 99=114623, 99.9=133503, 99.99=201343] [UPDATE: Count=18112, Max=206463, Min=534, Avg=12574.56, 90=81407, 99=102271, 99.9=124095, 99.99=200063] 
2025-05-12 16:21:00:752 280 sec: 975539 operations; 2094.4 current ops/sec; est completion in 8 second [READ: Count=20944, Max=327167, Min=111, Avg=6335.08, 90=4227, 99=91967, 99.9=110079, 99.99=327167] [READ-MODIFY-WRITE: Count=16605, Max=419583, Min=688, Avg=20116.28, 90=89791, 99=107775, 99.9=328447, 99.99=419583] [UPDATE: Count=16600, Max=419071, Min=498, Avg=13672.23, 90=84735, 99=102143, 99.9=325375, 99.99=417535] 
2025-05-12 16:21:10:753 290 sec: 998132 operations; 2259.3 current ops/sec; est completion in 1 second [READ: Count=22599, Max=125567, Min=106, Avg=5421.7, 90=3561, 99=90943, 99.9=102207, 99.99=125247] [READ-MODIFY-WRITE: Count=18076, Max=127871, Min=555, Avg=17503.87, 90=87615, 99=103807, 99.9=125951, 99.99=127679] [CLEANUP: Count=12, Max=8011, Min=301, Avg=1099.42, 90=620, 99=8011, 99.9=8011, 99.99=8011] [UPDATE: Count=18076, Max=127103, Min=428, Avg=12141.22, 90=82495, 99=99199, 99.9=125631, 99.99=125887] 
2025-05-12 16:21:12:158 291 sec: 1000000 operations; 1328.59 current ops/sec; [READ: Count=1847, Max=97407, Min=107, Avg=2503.81, 90=1715, 99=86271, 99.9=96127, 99.99=97407] [READ-MODIFY-WRITE: Count=1488, Max=106175, Min=541, Avg=9638.56, 90=11503, 99=96511, 99.9=106175, 99.99=106175] [CLEANUP: Count=24, Max=660, Min=161, Avg=389.5, 90=585, 99=660, 99.9=660, 99.99=660] [UPDATE: Count=1488, Max=105983, Min=390, Avg=7362.72, 90=2691, 99=94143, 99.9=105919, 99.99=105983] 
[OVERALL], RunTime(ms), 291406
[OVERALL], Throughput(ops/sec), 3431.638332772832
[TOTAL_GCS_G1_Young_Generation], Count, 26
[TOTAL_GC_TIME_G1_Young_Generation], Time(ms), 96
[TOTAL_GC_TIME_%_G1_Young_Generation], Time(%), 0.03294372799461919
[TOTAL_GCS_G1_Old_Generation], Count, 0
[TOTAL_GC_TIME_G1_Old_Generation], Time(ms), 0
[TOTAL_GC_TIME_%_G1_Old_Generation], Time(%), 0.0
[TOTAL_GCs], Count, 26
[TOTAL_GC_TIME], Time(ms), 96
[TOTAL_GC_TIME_%], Time(%), 0.03294372799461919
[READ], Operations, 1000000
[READ], AverageLatency(us), 4139.889706
[READ], MinLatency(us), 99
[READ], MaxLatency(us), 3203071
[READ], 95thPercentileLatency(us), 5471
[READ], 99thPercentileLatency(us), 89855
[READ], Return=OK, 1000000
[READ-MODIFY-WRITE], Operations, 800456
[READ-MODIFY-WRITE], AverageLatency(us), 11935.771246639415
[READ-MODIFY-WRITE], MinLatency(us), 486
[READ-MODIFY-WRITE], MaxLatency(us), 3209215
[READ-MODIFY-WRITE], 95thPercentileLatency(us), 88255
[READ-MODIFY-WRITE], 99thPercentileLatency(us), 101439
[CLEANUP], Operations, 36
[CLEANUP], AverageLatency(us), 626.1388888888889
[CLEANUP], MinLatency(us), 161
[CLEANUP], MaxLatency(us), 8011
[CLEANUP], 95thPercentileLatency(us), 623
[CLEANUP], 99thPercentileLatency(us), 8011
[UPDATE], Operations, 800456
[UPDATE], AverageLatency(us), 7810.722749282909
[UPDATE], MinLatency(us), 359
[UPDATE], MaxLatency(us), 419071
[UPDATE], 95thPercentileLatency(us), 80639
[UPDATE], 99thPercentileLatency(us), 93695
[UPDATE], Return=OK, 800456
