Filebench Version 1.5-alpha3
0.000: Allocated 177MB of shared memory
0.002: Varmail Version 3.0 personality successfully loaded
0.002: Populating and pre-allocating filesets
0.022: bigfileset populated: 54000 files, avg. dir. width = 10000, avg. dir. depth = 1.2, 0 leafdirs, 53991.786MB total size
0.022: Removing bigfileset tree (if exists)
0.025: Pre-allocating directories in bigfileset tree
0.025: Pre-allocating files in bigfileset tree
72.610: Waiting for pre-allocation to finish (in case of a parallel pre-allocation)
72.610: Population and pre-allocation of filesets completed
72.611: Starting 1 filereader instances
73.618: Running...
133.629: Run took 60 seconds...
133.629: Per-Operation Breakdown
closefile3           11250ops      187ops/s   0.0mb/s    0.003ms/op [0.001ms - 0.031ms]
fsyncfile3           11250ops      187ops/s   0.0mb/s    2.909ms/op [0.315ms - 66.398ms]
writefile2           11252ops      188ops/s  23.4mb/s    0.491ms/op [0.025ms - 48.627ms]
readfile3            11253ops      188ops/s 187.8mb/s    6.157ms/op [0.129ms - 19.358ms]
openfile3            11253ops      188ops/s   0.0mb/s    0.010ms/op [0.003ms - 0.400ms]
closefile2           11253ops      188ops/s   0.0mb/s    0.004ms/op [0.001ms - 0.030ms]
fsyncfile2           11253ops      188ops/s   0.0mb/s    9.940ms/op [1.351ms - 103.783ms]
writewholefile1      11253ops      188ops/s 256.3mb/s    1.093ms/op [0.223ms - 52.197ms]
createfile2          11253ops      188ops/s   0.0mb/s    0.072ms/op [0.016ms - 4.576ms]
deletefile1          11254ops      188ops/s   0.0mb/s    0.547ms/op [0.076ms - 10.025ms]
133.629: IO Summary: 112524 ops 1875.076 ops/s 188/375 rd/wr 467.6mb/s 2.123ms/op
133.629: Shutting down processes
