java -cp /home/jin/csgc-artifacts/host/benchmarks/ycsb-0.17.0/jdbc-binding/conf:/home/jin/csgc-artifacts/host/benchmarks/ycsb-0.17.0/conf:/home/jin/csgc-artifacts/host/benchmarks/ycsb-0.17.0/lib/HdrHistogram-2.1.4.jar:/home/jin/csgc-artifacts/host/benchmarks/ycsb-0.17.0/lib/jackson-mapper-asl-1.9.4.jar:/home/jin/csgc-artifacts/host/benchmarks/ycsb-0.17.0/lib/mysql-connector-j-9.0.0.jar:/home/jin/csgc-artifacts/host/benchmarks/ycsb-0.17.0/lib/jackson-core-asl-1.9.4.jar:/home/jin/csgc-artifacts/host/benchmarks/ycsb-0.17.0/lib/htrace-core4-4.1.0-incubating.jar:/home/jin/csgc-artifacts/host/benchmarks/ycsb-0.17.0/lib/core-0.17.0.jar:/home/jin/csgc-artifacts/host/benchmarks/ycsb-0.17.0/jdbc-binding/lib/commons-lang-2.4.jar:/home/jin/csgc-artifacts/host/benchmarks/ycsb-0.17.0/jdbc-binding/lib/geronimo-jms_1.1_spec-1.1.1.jar:/home/jin/csgc-artifacts/host/benchmarks/ycsb-0.17.0/jdbc-binding/lib/jdbc-binding-0.17.0.jar:/home/jin/csgc-artifacts/host/benchmarks/ycsb-0.17.0/jdbc-binding/lib/geronimo-jta_1.1_spec-1.1.1.jar:/home/jin/csgc-artifacts/host/benchmarks/ycsb-0.17.0/jdbc-binding/lib/commons-collections-3.2.1.jar:/home/jin/csgc-artifacts/host/benchmarks/ycsb-0.17.0/jdbc-binding/lib/serp-1.13.1.jar:/home/jin/csgc-artifacts/host/benchmarks/ycsb-0.17.0/jdbc-binding/lib/openjpa-kernel-2.1.1.jar:/home/jin/csgc-artifacts/host/benchmarks/ycsb-0.17.0/jdbc-binding/lib/commons-pool-1.5.4.jar:/home/jin/csgc-artifacts/host/benchmarks/ycsb-0.17.0/jdbc-binding/lib/openjpa-lib-2.1.1.jar:/home/jin/csgc-artifacts/host/benchmarks/ycsb-0.17.0/jdbc-binding/lib/openjpa-jdbc-2.1.1.jar site.ycsb.Client -db site.ycsb.db.JdbcDBClient -P /home/jin/csgc-artifacts/host/benchmarks/myworkloads/ycsb/workloada -P ../ycsb-0.17.0/jdbc-binding/conf/db.properties -p db.driver=com.mysql.jdbc.Driver -p db.url=jdbc:mysql://localhost:3306/ycsb_db -p db.user=ycsb_user -p db.passwd=1111 -p recordcount=1000000 -p fieldcount=16 -p fieldlength=64 -p minfieldlength=16 -p operationcount=1000000 -p readallfields=true -p writeallfields=false -threads 36 -s -t
Command line: -db site.ycsb.db.JdbcDBClient -P /home/jin/csgc-artifacts/host/benchmarks/myworkloads/ycsb/workloada -P ../ycsb-0.17.0/jdbc-binding/conf/db.properties -p db.driver=com.mysql.jdbc.Driver -p db.url=jdbc:mysql://localhost:3306/ycsb_db -p db.user=ycsb_user -p db.passwd=1111 -p recordcount=1000000 -p fieldcount=16 -p fieldlength=64 -p minfieldlength=16 -p operationcount=1000000 -p readallfields=true -p writeallfields=false -threads 36 -s -t
YCSB Client 0.17.0

Loading workload...
Starting test.
Loading class `com.mysql.jdbc.Driver'. This is deprecated. The new driver class is `com.mysql.cj.jdbc.Driver'. The driver is automatically registered via the SPI and manual loading of the driver class is generally unnecessary.
Adding shard node URL: jdbc:mysql://localhost:3306/ycsb_db
Adding shard node URL: jdbc:mysql://localhost:3306/ycsb_db
Adding shard node URL: jdbc:mysql://localhost:3306/ycsb_db
Adding shard node URL: jdbc:mysql://localhost:3306/ycsb_db
Adding shard node URL: jdbc:mysql://localhost:3306/ycsb_db
Adding shard node URL: jdbc:mysql://localhost:3306/ycsb_db
Adding shard node URL: jdbc:mysql://localhost:3306/ycsb_db
Adding shard node URL: jdbc:mysql://localhost:3306/ycsb_db
Adding shard node URL: jdbc:mysql://localhost:3306/ycsb_db
Adding shard node URL: jdbc:mysql://localhost:3306/ycsb_db
Adding shard node URL: jdbc:mysql://localhost:3306/ycsb_db
Adding shard node URL: jdbc:mysql://localhost:3306/ycsb_db
Adding shard node URL: jdbc:mysql://localhost:3306/ycsb_db
Adding shard node URL: jdbc:mysql://localhost:3306/ycsb_db
Adding shard node URL: jdbc:mysql://localhost:3306/ycsb_db
Adding shard node URL: jdbc:mysql://localhost:3306/ycsb_db
Adding shard node URL: jdbc:mysql://localhost:3306/ycsb_db
2025-05-12 16:11:19:458 0 sec: 0 operations; est completion in 0 second 
Adding shard node URL: jdbc:mysql://localhost:3306/ycsb_db
Adding shard node URL: jdbc:mysql://localhost:3306/ycsb_db
Adding shard node URL: jdbc:mysql://localhost:3306/ycsb_db
Adding shard node URL: jdbc:mysql://localhost:3306/ycsb_db
Adding shard node URL: jdbc:mysql://localhost:3306/ycsb_db
Adding shard node URL: jdbc:mysql://localhost:3306/ycsb_db
Adding shard node URL: jdbc:mysql://localhost:3306/ycsb_db
Adding shard node URL: jdbc:mysql://localhost:3306/ycsb_db
Adding shard node URL: jdbc:mysql://localhost:3306/ycsb_db
Adding shard node URL: jdbc:mysql://localhost:3306/ycsb_db
Adding shard node URL: jdbc:mysql://localhost:3306/ycsb_db
Adding shard node URL: jdbc:mysql://localhost:3306/ycsb_db
Adding shard node URL: jdbc:mysql://localhost:3306/ycsb_db
Adding shard node URL: jdbc:mysql://localhost:3306/ycsb_db
Adding shard node URL: jdbc:mysql://localhost:3306/ycsb_db
Adding shard node URL: jdbc:mysql://localhost:3306/ycsb_db
Adding shard node URL: jdbc:mysql://localhost:3306/ycsb_db
Adding shard node URL: jdbc:mysql://localhost:3306/ycsb_db
Adding shard node URL: jdbc:mysql://localhost:3306/ycsb_db
Using shards: 1, batchSize:-1, fetchSize: -1
Using shards: 1, batchSize:-1, fetchSize: -1
Using shards: 1, batchSize:-1, fetchSize: -1
Using shards: 1, batchSize:-1, fetchSize: -1
Using shards: 1, batchSize:-1, fetchSize: -1
Using shards: 1, batchSize:-1, fetchSize: -1
Using shards: 1, batchSize:-1, fetchSize: -1
Using shards: 1, batchSize:-1, fetchSize: -1
Using shards: 1, batchSize:-1, fetchSize: -1
Using shards: 1, batchSize:-1, fetchSize: -1
Using shards: 1, batchSize:-1, fetchSize: -1
Using shards: 1, batchSize:-1, fetchSize: -1
Using shards: 1, batchSize:-1, fetchSize: -1
Using shards: 1, batchSize:-1, fetchSize: -1
Using shards: 1, batchSize:-1, fetchSize: -1
DBWrapper: report latency for each error is false and specific error codes to track for latency are: []Using shards: 1, batchSize:-1, fetchSize: -1

DBWrapper: report latency for each error is false and specific error codes to track for latency are: []
DBWrapper: report latency for each error is false and specific error codes to track for latency are: []
Using shards: 1, batchSize:-1, fetchSize: -1DBWrapper: report latency for each error is false and specific error codes to track for latency are: []

DBWrapper: report latency for each error is false and specific error codes to track for latency are: []Using shards: 1, batchSize:-1, fetchSize: -1

DBWrapper: report latency for each error is false and specific error codes to track for latency are: []
DBWrapper: report latency for each error is false and specific error codes to track for latency are: []
Using shards: 1, batchSize:-1, fetchSize: -1DBWrapper: report latency for each error is false and specific error codes to track for latency are: []

Using shards: 1, batchSize:-1, fetchSize: -1DBWrapper: report latency for each error is false and specific error codes to track for latency are: []

DBWrapper: report latency for each error is false and specific error codes to track for latency are: []Using shards: 1, batchSize:-1, fetchSize: -1

DBWrapper: report latency for each error is false and specific error codes to track for latency are: []
Using shards: 1, batchSize:-1, fetchSize: -1
DBWrapper: report latency for each error is false and specific error codes to track for latency are: []
Using shards: 1, batchSize:-1, fetchSize: -1DBWrapper: report latency for each error is false and specific error codes to track for latency are: []

Using shards: 1, batchSize:-1, fetchSize: -1DBWrapper: report latency for each error is false and specific error codes to track for latency are: []

Using shards: 1, batchSize:-1, fetchSize: -1
DBWrapper: report latency for each error is false and specific error codes to track for latency are: []
Using shards: 1, batchSize:-1, fetchSize: -1DBWrapper: report latency for each error is false and specific error codes to track for latency are: []

DBWrapper: report latency for each error is false and specific error codes to track for latency are: []Using shards: 1, batchSize:-1, fetchSize: -1

DBWrapper: report latency for each error is false and specific error codes to track for latency are: []
Using shards: 1, batchSize:-1, fetchSize: -1
DBWrapper: report latency for each error is false and specific error codes to track for latency are: []
Using shards: 1, batchSize:-1, fetchSize: -1DBWrapper: report latency for each error is false and specific error codes to track for latency are: []

DBWrapper: report latency for each error is false and specific error codes to track for latency are: []Using shards: 1, batchSize:-1, fetchSize: -1

DBWrapper: report latency for each error is false and specific error codes to track for latency are: []Using shards: 1, batchSize:-1, fetchSize: -1

DBWrapper: report latency for each error is false and specific error codes to track for latency are: []
DBWrapper: report latency for each error is false and specific error codes to track for latency are: []
DBWrapper: report latency for each error is false and specific error codes to track for latency are: []
DBWrapper: report latency for each error is false and specific error codes to track for latency are: []
DBWrapper: report latency for each error is false and specific error codes to track for latency are: []
DBWrapper: report latency for each error is false and specific error codes to track for latency are: []
DBWrapper: report latency for each error is false and specific error codes to track for latency are: []
DBWrapper: report latency for each error is false and specific error codes to track for latency are: []
DBWrapper: report latency for each error is false and specific error codes to track for latency are: []
Using shards: 1, batchSize:-1, fetchSize: -1
DBWrapper: report latency for each error is false and specific error codes to track for latency are: []Using shards: 1, batchSize:-1, fetchSize: -1

Using shards: 1, batchSize:-1, fetchSize: -1DBWrapper: report latency for each error is false and specific error codes to track for latency are: []

DBWrapper: report latency for each error is false and specific error codes to track for latency are: []
Using shards: 1, batchSize:-1, fetchSize: -1
DBWrapper: report latency for each error is false and specific error codes to track for latency are: []Using shards: 1, batchSize:-1, fetchSize: -1

DBWrapper: report latency for each error is false and specific error codes to track for latency are: []
2025-05-12 16:11:29:425 10 sec: 176061 operations; 17604.34 current ops/sec; est completion in 47 seconds [READ: Count=88108, Max=126847, Min=98, Avg=960.61, 90=2571, 99=4415, 99.9=23087, 99.99=126527] [UPDATE: Count=88080, Max=112063, Min=380, Avg=2723.92, 90=4479, 99=7771, 99.9=25855, 99.99=109247] 
2025-05-12 16:11:39:424 20 sec: 356073 operations; 18003 current ops/sec; est completion in 37 seconds [READ: Count=90065, Max=38495, Min=96, Avg=967.87, 90=2645, 99=5067, 99.9=23551, 99.99=27375] [UPDATE: Count=89884, Max=44383, Min=486, Avg=3024.94, 90=4783, 99=22927, 99.9=31679, 99.99=44063] 
2025-05-12 16:11:49:424 30 sec: 441496 operations; 8542.3 current ops/sec; est completion in 38 seconds [READ: Count=42465, Max=112191, Min=103, Avg=1943.15, 90=2895, 99=51103, 99.9=87935, 99.99=102975] [UPDATE: Count=42965, Max=103487, Min=386, Avg=6445.16, 90=10127, 99=77951, 99.9=91839, 99.99=98623] 
2025-05-12 16:11:59:424 40 sec: 495420 operations; 5392.4 current ops/sec; est completion in 41 seconds [READ: Count=26887, Max=218623, Min=100, Avg=3096.02, 90=3177, 99=74047, 99.9=95935, 99.99=217855] [UPDATE: Count=27011, Max=246271, Min=515, Avg=10232.74, 90=24351, 99=89983, 99.9=216703, 99.99=240639] 
2025-05-12 16:12:09:424 50 sec: 545584 operations; 5016.4 current ops/sec; est completion in 42 seconds [READ: Count=24995, Max=104575, Min=107, Avg=3509.69, 90=3291, 99=77503, 99.9=97855, 99.99=104447] [UPDATE: Count=25124, Max=128319, Min=554, Avg=10760.38, 90=28895, 99=90303, 99.9=103295, 99.99=126911] 
2025-05-12 16:12:19:424 60 sec: 593662 operations; 4807.8 current ops/sec; est completion in 42 seconds [READ: Count=23835, Max=112191, Min=102, Avg=3465.89, 90=3323, 99=80255, 99.9=97407, 99.99=111615] [UPDATE: Count=24275, Max=118783, Min=386, Avg=11480.9, 90=61311, 99=91775, 99.9=111871, 99.99=114367] 
2025-05-12 16:12:29:424 70 sec: 648329 operations; 5466.7 current ops/sec; est completion in 38 seconds [READ: Count=27252, Max=97983, Min=102, Avg=2785.22, 90=3051, 99=72447, 99.9=88767, 99.99=96639] [UPDATE: Count=27383, Max=102783, Min=398, Avg=10311.63, 90=27311, 99=85759, 99.9=92927, 99.99=100031] 
2025-05-12 16:12:39:424 80 sec: 698679 operations; 5035 current ops/sec; est completion in 35 seconds [READ: Count=25235, Max=98239, Min=100, Avg=3439.69, 90=3127, 99=78975, 99.9=92927, 99.99=95743] [UPDATE: Count=25115, Max=112767, Min=397, Avg=10876.14, 90=48671, 99=92287, 99.9=107391, 99.99=112319] 
2025-05-12 16:12:49:424 90 sec: 746941 operations; 4826.2 current ops/sec; est completion in 31 seconds [READ: Count=24130, Max=105535, Min=97, Avg=3420.06, 90=3141, 99=81535, 99.9=91455, 99.99=100479] [UPDATE: Count=24180, Max=115263, Min=435, Avg=11524.2, 90=65023, 99=90367, 99.9=103231, 99.99=105919] 
2025-05-12 16:12:59:424 100 sec: 801877 operations; 5493.6 current ops/sec; est completion in 25 seconds [READ: Count=27441, Max=170111, Min=102, Avg=2978.6, 90=3063, 99=72959, 99.9=91903, 99.99=169599] [UPDATE: Count=27447, Max=172031, Min=518, Avg=10096.66, 90=23471, 99=87359, 99.9=101631, 99.99=170623] 
2025-05-12 16:13:09:425 110 sec: 856405 operations; 5452.25 current ops/sec; est completion in 19 seconds [READ: Count=27276, Max=99263, Min=95, Avg=2796.67, 90=3055, 99=74111, 99.9=90431, 99.99=97471] [UPDATE: Count=27252, Max=108159, Min=448, Avg=10410.82, 90=25999, 99=86527, 99.9=97087, 99.99=102015] 
2025-05-12 16:13:19:424 120 sec: 907699 operations; 5129.91 current ops/sec; est completion in 13 seconds [READ: Count=25856, Max=117567, Min=103, Avg=3085.68, 90=3133, 99=75711, 99.9=90047, 99.99=116543] [UPDATE: Count=25438, Max=174463, Min=456, Avg=10935.8, 90=59679, 99=86271, 99.9=100415, 99.99=118975] 
2025-05-12 16:13:29:424 130 sec: 956592 operations; 4889.3 current ops/sec; est completion in 6 second [READ: Count=24246, Max=102719, Min=108, Avg=3313.89, 90=3157, 99=79487, 99.9=96575, 99.99=101119] [UPDATE: Count=24671, Max=184447, Min=457, Avg=11416.23, 90=65439, 99=93183, 99.9=100671, 99.99=183423] 
2025-05-12 16:13:38:286 138 sec: 1000000 operations; 4897.66 current ops/sec; [READ: Count=21550, Max=109247, Min=101, Avg=2919.33, 90=2969, 99=75391, 99.9=90367, 99.99=106495] [CLEANUP: Count=36, Max=6687, Min=211, Avg=692.19, 90=920, 99=6687, 99.9=6687, 99.99=6687] [UPDATE: Count=21834, Max=110783, Min=407, Avg=10582.44, 90=26639, 99=89279, 99.9=104255, 99.99=108927] 
[OVERALL], RunTime(ms), 138863
[OVERALL], Throughput(ops/sec), 7201.342330210351
[TOTAL_GCS_G1_Young_Generation], Count, 18
[TOTAL_GC_TIME_G1_Young_Generation], Time(ms), 80
[TOTAL_GC_TIME_%_G1_Young_Generation], Time(%), 0.057610738641682806
[TOTAL_GCS_G1_Old_Generation], Count, 0
[TOTAL_GC_TIME_G1_Old_Generation], Time(ms), 0
[TOTAL_GC_TIME_%_G1_Old_Generation], Time(%), 0.0
[TOTAL_GCs], Count, 18
[TOTAL_GC_TIME], Time(ms), 80
[TOTAL_GC_TIME_%], Time(%), 0.057610738641682806
[READ], Operations, 499341
[READ], AverageLatency(us), 2271.376592348716
[READ], MinLatency(us), 95
[READ], MaxLatency(us), 218623
[READ], 95thPercentileLatency(us), 3851
[READ], 99thPercentileLatency(us), 71039
[READ], Return=OK, 499341
[CLEANUP], Operations, 36
[CLEANUP], AverageLatency(us), 692.1944444444445
[CLEANUP], MinLatency(us), 211
[CLEANUP], MaxLatency(us), 6687
[CLEANUP], 95thPercentileLatency(us), 1108
[CLEANUP], 99thPercentileLatency(us), 6687
[UPDATE], Operations, 500659
[UPDATE], AverageLatency(us), 7590.146996258931
[UPDATE], MinLatency(us), 380
[UPDATE], MaxLatency(us), 246271
[UPDATE], 95thPercentileLatency(us), 65279
[UPDATE], 99thPercentileLatency(us), 84735
[UPDATE], Return=OK, 500659
