randwrite: (g=0): rw=randwrite, bs=(R) 64.0KiB-64.0KiB, (W) 64.0KiB-64.0KiB, (T) 64.0KiB-64.0KiB, ioengine=libaio, iodepth=1
...
fio-3.38-4-gcd56-dirty
Starting 4 threads
randwrite: Laying out IO file (1 file / 52673MiB)

randwrite: (groupid=0, jobs=4): err= 0: pid=4716: Mon May 12 14:36:29 2025
  write: IOPS=6952, BW=435MiB/s (456MB/s)(76.4GiB/180009msec); 0 zone resets
    slat (usec): min=11, max=403363, avg=573.39, stdev=3293.03
    clat (nsec): min=252, max=97956, avg=1034.34, stdev=854.81
     lat (usec): min=11, max=403369, avg=574.43, stdev=3293.49
    clat percentiles (nsec):
     |  1.00th=[  290],  5.00th=[  334], 10.00th=[  442], 20.00th=[  628],
     | 30.00th=[  764], 40.00th=[  900], 50.00th=[ 1012], 60.00th=[ 1064],
     | 70.00th=[ 1096], 80.00th=[ 1144], 90.00th=[ 1304], 95.00th=[ 1544],
     | 99.00th=[ 5792], 99.50th=[ 6048], 99.90th=[ 7072], 99.95th=[ 9664],
     | 99.99th=[19328]
   bw (  KiB/s): min=56604, max=2167424, per=100.00%, avg=446223.51, stdev=66427.75, samples=1436
   iops        : min=  884, max=33866, avg=6971.59, stdev=1037.97, samples=1436
  lat (nsec)   : 500=12.81%, 750=16.39%, 1000=19.07%
  lat (usec)   : 2=48.74%, 4=0.79%, 10=2.16%, 20=0.04%, 50=0.01%
  lat (usec)   : 100=0.01%
  cpu          : usr=0.47%, sys=36.65%, ctx=1113558, majf=0, minf=7883
  IO depths    : 1=100.0%, 2=0.0%, 4=0.0%, 8=0.0%, 16=0.0%, 32=0.0%, >=64=0.0%
     submit    : 0=0.0%, 4=100.0%, 8=0.0%, 16=0.0%, 32=0.0%, 64=0.0%, >=64=0.0%
     complete  : 0=0.0%, 4=100.0%, 8=0.0%, 16=0.0%, 32=0.0%, 64=0.0%, >=64=0.0%
     issued rwts: total=0,1251454,0,0 short=0,0,0,0 dropped=0,0,0,0
     latency   : target=0, window=0, percentile=100.00%, depth=1

Run status group 0 (all jobs):
  WRITE: bw=435MiB/s (456MB/s), 435MiB/s-435MiB/s (456MB/s-456MB/s), io=76.4GiB (82.0GB), run=180009-180009msec

Disk stats (read/write):
  nvme0n1: ios=25529/186061, sectors=951496/162370664, merge=0/31, ticks=17321/5122450, in_queue=5139827, util=79.75%
