randwrite: (g=0): rw=randwrite, bs=(R) 64.0KiB-64.0KiB, (W) 64.0KiB-64.0KiB, (T) 64.0KiB-64.0KiB, ioengine=libaio, iodepth=1
...
fio-3.38-4-gcd56-dirty
Starting 4 threads
randwrite: Laying out IO file (1 file / 55123MiB)

randwrite: (groupid=0, jobs=4): err= 0: pid=18583: Mon May 12 15:46:41 2025
  write: IOPS=6964, BW=435MiB/s (456MB/s)(80.0GiB/188209msec); 0 zone resets
    slat (usec): min=11, max=213723, avg=566.31, stdev=3559.32
    clat (nsec): min=259, max=69157, avg=1052.92, stdev=814.52
     lat (usec): min=11, max=213729, avg=567.36, stdev=3559.74
    clat percentiles (nsec):
     |  1.00th=[  298],  5.00th=[  338], 10.00th=[  458], 20.00th=[  676],
     | 30.00th=[  828], 40.00th=[  956], 50.00th=[ 1048], 60.00th=[ 1096],
     | 70.00th=[ 1128], 80.00th=[ 1160], 90.00th=[ 1304], 95.00th=[ 1464],
     | 99.00th=[ 5664], 99.50th=[ 5984], 99.90th=[ 7072], 99.95th=[ 9792],
     | 99.99th=[19328]
   bw (  KiB/s): min=54400, max=2109696, per=100.00%, avg=450303.93, stdev=71043.64, samples=1486
   iops        : min=  850, max=32964, avg=7036.00, stdev=1110.06, samples=1486
  lat (nsec)   : 500=11.72%, 750=13.70%, 1000=18.06%
  lat (usec)   : 2=53.95%, 4=0.54%, 10=1.98%, 20=0.04%, 50=0.01%
  lat (usec)   : 100=0.01%
  cpu          : usr=0.51%, sys=34.30%, ctx=1169382, majf=0, minf=6441
  IO depths    : 1=100.0%, 2=0.0%, 4=0.0%, 8=0.0%, 16=0.0%, 32=0.0%, >=64=0.0%
     submit    : 0=0.0%, 4=100.0%, 8=0.0%, 16=0.0%, 32=0.0%, 64=0.0%, >=64=0.0%
     complete  : 0=0.0%, 4=100.0%, 8=0.0%, 16=0.0%, 32=0.0%, 64=0.0%, >=64=0.0%
     issued rwts: total=0,1310720,0,0 short=0,0,0,0 dropped=0,0,0,0
     latency   : target=0, window=0, percentile=100.00%, depth=1

Run status group 0 (all jobs):
  WRITE: bw=435MiB/s (456MB/s), 435MiB/s-435MiB/s (456MB/s-456MB/s), io=80.0GiB (85.9GB), run=188209-188209msec

Disk stats (read/write):
  nvme0n1: ios=18018/216723, sectors=1151416/171965296, merge=0/14, ticks=6890/5783184, in_queue=5790271, util=80.30%
