randwrite: (g=0): rw=randwrite, bs=(R) 64.0KiB-64.0KiB, (W) 64.0KiB-64.0KiB, (T) 64.0KiB-64.0KiB, ioengine=libaio, iodepth=1
...
fio-3.38-4-gcd56-dirty
Starting 4 threads
randwrite: Laying out IO file (1 file / 52673MiB)

randwrite: (groupid=0, jobs=4): err= 0: pid=9145: Mon May 12 13:58:44 2025
  write: IOPS=6828, BW=427MiB/s (448MB/s)(80.0GiB/191943msec); 0 zone resets
    slat (usec): min=11, max=208411, avg=582.86, stdev=2975.02
    clat (nsec): min=258, max=53220, avg=1068.70, stdev=863.74
     lat (usec): min=12, max=208417, avg=583.93, stdev=2975.54
    clat percentiles (nsec):
     |  1.00th=[  298],  5.00th=[  350], 10.00th=[  458], 20.00th=[  652],
     | 30.00th=[  788], 40.00th=[  924], 50.00th=[ 1048], 60.00th=[ 1112],
     | 70.00th=[ 1144], 80.00th=[ 1192], 90.00th=[ 1336], 95.00th=[ 1528],
     | 99.00th=[ 5728], 99.50th=[ 6112], 99.90th=[ 7008], 99.95th=[ 9408],
     | 99.99th=[19072]
   bw (  KiB/s): min=63554, max=2094848, per=99.57%, avg=435140.08, stdev=69654.20, samples=1530
   iops        : min=  992, max=32732, avg=6798.73, stdev=1088.42, samples=1530
  lat (nsec)   : 500=12.24%, 750=15.03%, 1000=18.48%
  lat (usec)   : 2=51.14%, 4=0.76%, 10=2.29%, 20=0.04%, 50=0.01%
  lat (usec)   : 100=0.01%
  cpu          : usr=0.47%, sys=36.59%, ctx=1139311, majf=0, minf=5721
  IO depths    : 1=100.0%, 2=0.0%, 4=0.0%, 8=0.0%, 16=0.0%, 32=0.0%, >=64=0.0%
     submit    : 0=0.0%, 4=100.0%, 8=0.0%, 16=0.0%, 32=0.0%, 64=0.0%, >=64=0.0%
     complete  : 0=0.0%, 4=100.0%, 8=0.0%, 16=0.0%, 32=0.0%, 64=0.0%, >=64=0.0%
     issued rwts: total=0,1310720,0,0 short=0,0,0,0 dropped=0,0,0,0
     latency   : target=0, window=0, percentile=100.00%, depth=1

Run status group 0 (all jobs):
  WRITE: bw=427MiB/s (448MB/s), 427MiB/s-427MiB/s (448MB/s-448MB/s), io=80.0GiB (85.9GB), run=191943-191943msec

Disk stats (read/write):
  nvme0n1: ios=16107/260763, sectors=1029112/170626336, merge=0/10, ticks=5681/4948643, in_queue=4954458, util=71.58%
