randwrite: (g=0): rw=randwrite, bs=(R) 64.0KiB-64.0KiB, (W) 64.0KiB-64.0KiB, (T) 64.0KiB-64.0KiB, ioengine=libaio, iodepth=1
...
fio-3.38-4-gcd56-dirty
Starting 4 threads
randwrite: Laying out IO file (1 file / 52673MiB)

randwrite: (groupid=0, jobs=4): err= 0: pid=22314: Mon May 12 14:58:18 2025
  write: IOPS=19.0k, BW=1187MiB/s (1245MB/s)(209GiB/180001msec); 0 zone resets
    slat (usec): min=6, max=100300, avg=209.37, stdev=2007.33
    clat (nsec): min=252, max=229972, avg=661.92, stdev=572.54
     lat (usec): min=6, max=100304, avg=210.04, stdev=2007.61
    clat percentiles (nsec):
     |  1.00th=[  282],  5.00th=[  294], 10.00th=[  302], 20.00th=[  318],
     | 30.00th=[  358], 40.00th=[  406], 50.00th=[  494], 60.00th=[  636],
     | 70.00th=[  804], 80.00th=[ 1048], 90.00th=[ 1128], 95.00th=[ 1224],
     | 99.00th=[ 1720], 99.50th=[ 4704], 99.90th=[ 6112], 99.95th=[ 6496],
     | 99.99th=[14400]
   bw (  MiB/s): min=  120, max= 3746, per=100.00%, avg=1188.76, stdev=234.25, samples=1436
   iops        : min= 1922, max=59936, avg=19019.82, stdev=3748.03, samples=1436
  lat (nsec)   : 500=50.56%, 750=16.94%, 1000=9.81%
  lat (usec)   : 2=21.89%, 4=0.25%, 10=0.53%, 20=0.02%, 50=0.01%
  lat (usec)   : 100=0.01%, 250=0.01%
  cpu          : usr=0.83%, sys=39.38%, ctx=2035937, majf=0, minf=4093
  IO depths    : 1=100.0%, 2=0.0%, 4=0.0%, 8=0.0%, 16=0.0%, 32=0.0%, >=64=0.0%
     submit    : 0=0.0%, 4=100.0%, 8=0.0%, 16=0.0%, 32=0.0%, 64=0.0%, >=64=0.0%
     complete  : 0=0.0%, 4=100.0%, 8=0.0%, 16=0.0%, 32=0.0%, 64=0.0%, >=64=0.0%
     issued rwts: total=0,3419124,0,0 short=0,0,0,0 dropped=0,0,0,0
     latency   : target=0, window=0, percentile=100.00%, depth=1

Run status group 0 (all jobs):
  WRITE: bw=1187MiB/s (1245MB/s), 1187MiB/s-1187MiB/s (1245MB/s-1245MB/s), io=209GiB (224GB), run=180001-180001msec

Disk stats (read/write):
  nvme0n1: ios=10121/134676, sectors=371048/145124424, merge=0/44, ticks=6141/4330737, in_queue=4336951, util=57.17%
