randwrite: (g=0): rw=randwrite, bs=(R) 64.0KiB-64.0KiB, (W) 64.0KiB-64.0KiB, (T) 64.0KiB-64.0KiB, ioengine=libaio, iodepth=1
...
fio-3.38-4-gcd56-dirty
Starting 4 threads
randwrite: Laying out IO file (1 file / 52673MiB)

randwrite: (groupid=0, jobs=4): err= 0: pid=23935: Mon May 12 16:41:00 2025
  write: IOPS=17.2k, BW=1072MiB/s (1124MB/s)(189GiB/180124msec); 0 zone resets
    slat (usec): min=6, max=187424, avg=231.87, stdev=2610.09
    clat (nsec): min=255, max=113600, avg=687.67, stdev=558.96
     lat (usec): min=6, max=187430, avg=232.56, stdev=2610.34
    clat percentiles (nsec):
     |  1.00th=[  278],  5.00th=[  290], 10.00th=[  302], 20.00th=[  330],
     | 30.00th=[  386], 40.00th=[  466], 50.00th=[  572], 60.00th=[  692],
     | 70.00th=[  852], 80.00th=[ 1048], 90.00th=[ 1112], 95.00th=[ 1208],
     | 99.00th=[ 1672], 99.50th=[ 4640], 99.90th=[ 6176], 99.95th=[ 6432],
     | 99.99th=[13760]
   bw (  MiB/s): min=   54, max= 3761, per=100.00%, avg=1073.46, stdev=239.79, samples=1440
   iops        : min=  878, max=60186, avg=17174.74, stdev=3836.68, samples=1440
  lat (nsec)   : 500=43.72%, 750=20.58%, 1000=12.50%
  lat (usec)   : 2=22.41%, 4=0.24%, 10=0.53%, 20=0.02%, 50=0.01%
  lat (usec)   : 100=0.01%, 250=0.01%
  cpu          : usr=0.80%, sys=35.41%, ctx=2052610, majf=1, minf=1708
  IO depths    : 1=100.0%, 2=0.0%, 4=0.0%, 8=0.0%, 16=0.0%, 32=0.0%, >=64=0.0%
     submit    : 0=0.0%, 4=100.0%, 8=0.0%, 16=0.0%, 32=0.0%, 64=0.0%, >=64=0.0%
     complete  : 0=0.0%, 4=100.0%, 8=0.0%, 16=0.0%, 32=0.0%, 64=0.0%, >=64=0.0%
     issued rwts: total=0,3089959,0,0 short=0,0,0,0 dropped=0,0,0,0
     latency   : target=0, window=0, percentile=100.00%, depth=1

Run status group 0 (all jobs):
  WRITE: bw=1072MiB/s (1124MB/s), 1072MiB/s-1072MiB/s (1124MB/s-1124MB/s), io=189GiB (203GB), run=180124-180124msec

Disk stats (read/write):
  nvme0n1: ios=22266/89815, sectors=1086392/133150632, merge=113533/40, ticks=64391/4491912, in_queue=4556309, util=56.61%
