This file contains any messages produced by compilers while
running configure, to aid debugging if configure makes a mistake.

It was created by F2FS tools configure 1.9.0, which was
generated by GNU Autoconf 2.71.  Invocation command line was

  $ ./configure

## --------- ##
## Platform. ##
## --------- ##

hostname = ddst-52
uname -m = x86_64
uname -r = 5.11.0-iplfs
uname -s = Linux
uname -v = #1 SMP Mon May 12 16:48:42 CST 2025

/usr/bin/uname -p = x86_64
/bin/uname -X     = unknown

/bin/arch              = x86_64
/usr/bin/arch -k       = unknown
/usr/convex/getsysinfo = unknown
/usr/bin/hostinfo      = unknown
/bin/machine           = unknown
/usr/bin/oslevel       = unknown
/bin/universe          = unknown

PATH: /usr/local/sbin/
PATH: /usr/local/bin/
PATH: /usr/sbin/
PATH: /usr/bin/
PATH: /sbin/
PATH: /bin/
PATH: /snap/bin/


## ----------- ##
## Core tests. ##
## ----------- ##

configure:2599: looking for aux files: config.guess config.sub ltmain.sh compile missing install-sh
configure:2612:  trying ./build-aux/
configure:2641:   ./build-aux/config.guess found
configure:2641:   ./build-aux/config.sub found
configure:2641:   ./build-aux/ltmain.sh found
configure:2641:   ./build-aux/compile found
configure:2641:   ./build-aux/missing found
configure:2623:   ./build-aux/install-sh found
configure:2763: checking for .git
configure:2777: result: no
configure:2814: checking for a BSD-compatible install
configure:2887: result: /usr/bin/install -c
configure:2898: checking whether build environment is sane
configure:2953: result: yes
configure:3112: checking for a race-free mkdir -p
configure:3156: result: /usr/bin/mkdir -p
configure:3163: checking for gawk
configure:3198: result: no
configure:3163: checking for mawk
configure:3184: found /usr/bin/mawk
configure:3195: result: mawk
configure:3206: checking whether make sets $(MAKE)
configure:3229: result: yes
configure:3259: checking whether make supports nested variables
configure:3277: result: yes
configure:3352: checking how to create a pax tar archive
configure:3363: tar --version
tar (GNU tar) 1.34
Copyright (C) 2021 Free Software Foundation, Inc.
License GPLv3+: GNU GPL version 3 or later <https://gnu.org/licenses/gpl.html>.
This is free software: you are free to change and redistribute it.
There is NO WARRANTY, to the extent permitted by law.

Written by John Gilmore and Jay Fenlason.
configure:3366: $? = 0
configure:3406: tardir=conftest.dir && eval tar --format=posix -chf - "$tardir" >conftest.tar
configure:3409: $? = 0
configure:3413: tar -xf - <conftest.tar
configure:3416: $? = 0
configure:3418: cat conftest.dir/file
GrepMe
configure:3421: $? = 0
configure:3435: result: gnutar
configure:3513: checking whether make supports the include directive
configure:3528: make -f confmf.GNU && cat confinc.out
this is the am__doit target
configure:3531: $? = 0
configure:3550: result: yes (GNU style)
configure:3626: checking for gcc
configure:3647: found /usr/bin/gcc
configure:3658: result: gcc
configure:4011: checking for C compiler version
configure:4020: gcc --version >&5
gcc (Ubuntu 11.4.0-1ubuntu1~22.04) 11.4.0
Copyright (C) 2021 Free Software Foundation, Inc.
This is free software; see the source for copying conditions.  There is NO
warranty; not even for MERCHANTABILITY or FITNESS FOR A PARTICULAR PURPOSE.

configure:4031: $? = 0
configure:4020: gcc -v >&5
Using built-in specs.
COLLECT_GCC=gcc
COLLECT_LTO_WRAPPER=/usr/lib/gcc/x86_64-linux-gnu/11/lto-wrapper
OFFLOAD_TARGET_NAMES=nvptx-none:amdgcn-amdhsa
OFFLOAD_TARGET_DEFAULT=1
Target: x86_64-linux-gnu
Configured with: ../src/configure -v --with-pkgversion='Ubuntu 11.4.0-1ubuntu1~22.04' --with-bugurl=file:///usr/share/doc/gcc-11/README.Bugs --enable-languages=c,ada,c++,go,brig,d,fortran,objc,obj-c++,m2 --prefix=/usr --with-gcc-major-version-only --program-suffix=-11 --program-prefix=x86_64-linux-gnu- --enable-shared --enable-linker-build-id --libexecdir=/usr/lib --without-included-gettext --enable-threads=posix --libdir=/usr/lib --enable-nls --enable-bootstrap --enable-clocale=gnu --enable-libstdcxx-debug --enable-libstdcxx-time=yes --with-default-libstdcxx-abi=new --enable-gnu-unique-object --disable-vtable-verify --enable-plugin --enable-default-pie --with-system-zlib --enable-libphobos-checking=release --with-target-system-zlib=auto --enable-objc-gc=auto --enable-multiarch --disable-werror --enable-cet --with-arch-32=i686 --with-abi=m64 --with-multilib-list=m32,m64,mx32 --enable-multilib --with-tune=generic --enable-offload-targets=nvptx-none=/build/gcc-11-XeT9lY/gcc-11-11.4.0/debian/tmp-nvptx/usr,amdgcn-amdhsa=/build/gcc-11-XeT9lY/gcc-11-11.4.0/debian/tmp-gcn/usr --without-cuda-driver --enable-checking=release --build=x86_64-linux-gnu --host=x86_64-linux-gnu --target=x86_64-linux-gnu --with-build-config=bootstrap-lto-lean --enable-link-serialization=2
Thread model: posix
Supported LTO compression algorithms: zlib zstd
gcc version 11.4.0 (Ubuntu 11.4.0-1ubuntu1~22.04) 
... rest of stderr output deleted ...
configure:4031: $? = 0
configure:4020: gcc -V >&5
gcc: error: unrecognized command-line option '-V'
gcc: fatal error: no input files
compilation terminated.
configure:4031: $? = 1
configure:4020: gcc -qversion >&5
gcc: error: unrecognized command-line option '-qversion'; did you mean '--version'?
gcc: fatal error: no input files
compilation terminated.
configure:4031: $? = 1
configure:4020: gcc -version >&5
gcc: error: unrecognized command-line option '-version'
gcc: fatal error: no input files
compilation terminated.
configure:4031: $? = 1
configure:4051: checking whether the C compiler works
configure:4073: gcc    conftest.c  >&5
configure:4077: $? = 0
configure:4127: result: yes
configure:4130: checking for C compiler default output file name
configure:4132: result: a.out
configure:4138: checking for suffix of executables
configure:4145: gcc -o conftest    conftest.c  >&5
configure:4149: $? = 0
configure:4172: result: 
configure:4194: checking whether we are cross compiling
configure:4202: gcc -o conftest    conftest.c  >&5
configure:4206: $? = 0
configure:4213: ./conftest
configure:4217: $? = 0
configure:4232: result: no
configure:4237: checking for suffix of object files
configure:4260: gcc -c   conftest.c >&5
configure:4264: $? = 0
configure:4286: result: o
configure:4290: checking whether the compiler supports GNU C
configure:4310: gcc -c   conftest.c >&5
configure:4310: $? = 0
configure:4320: result: yes
configure:4331: checking whether gcc accepts -g
configure:4352: gcc -c -g  conftest.c >&5
configure:4352: $? = 0
configure:4396: result: yes
configure:4416: checking for gcc option to enable C11 features
configure:4431: gcc  -c -g -O2  conftest.c >&5
configure:4431: $? = 0
configure:4449: result: none needed
configure:4565: checking whether gcc understands -c and -o together
configure:4588: gcc -c conftest.c -o conftest2.o
configure:4591: $? = 0
configure:4588: gcc -c conftest.c -o conftest2.o
configure:4591: $? = 0
configure:4603: result: yes
configure:4622: checking dependency style of gcc
configure:4734: result: gcc3
configure:4754: checking for stdio.h
configure:4754: gcc -c -g -O2  conftest.c >&5
configure:4754: $? = 0
configure:4754: result: yes
configure:4754: checking for stdlib.h
configure:4754: gcc -c -g -O2  conftest.c >&5
configure:4754: $? = 0
configure:4754: result: yes
configure:4754: checking for string.h
configure:4754: gcc -c -g -O2  conftest.c >&5
configure:4754: $? = 0
configure:4754: result: yes
configure:4754: checking for inttypes.h
configure:4754: gcc -c -g -O2  conftest.c >&5
configure:4754: $? = 0
configure:4754: result: yes
configure:4754: checking for stdint.h
configure:4754: gcc -c -g -O2  conftest.c >&5
configure:4754: $? = 0
configure:4754: result: yes
configure:4754: checking for strings.h
configure:4754: gcc -c -g -O2  conftest.c >&5
configure:4754: $? = 0
configure:4754: result: yes
configure:4754: checking for sys/stat.h
configure:4754: gcc -c -g -O2  conftest.c >&5
configure:4754: $? = 0
configure:4754: result: yes
configure:4754: checking for sys/types.h
configure:4754: gcc -c -g -O2  conftest.c >&5
configure:4754: $? = 0
configure:4754: result: yes
configure:4754: checking for unistd.h
configure:4754: gcc -c -g -O2  conftest.c >&5
configure:4754: $? = 0
configure:4754: result: yes
configure:4754: checking for fcntl.h
configure:4754: gcc -c -g -O2  conftest.c >&5
configure:4754: $? = 0
configure:4754: result: yes
configure:4754: checking for mntent.h
configure:4754: gcc -c -g -O2  conftest.c >&5
configure:4754: $? = 0
configure:4754: result: yes
configure:4754: checking for sys/ioctl.h
configure:4754: gcc -c -g -O2  conftest.c >&5
configure:4754: $? = 0
configure:4754: result: yes
configure:4754: checking for sys/mount.h
configure:4754: gcc -c -g -O2  conftest.c >&5
configure:4754: $? = 0
configure:4754: result: yes
configure:4856: checking for gcc
configure:4888: result: gcc
configure:5241: checking for C compiler version
configure:5250: gcc --version >&5
gcc (Ubuntu 11.4.0-1ubuntu1~22.04) 11.4.0
Copyright (C) 2021 Free Software Foundation, Inc.
This is free software; see the source for copying conditions.  There is NO
warranty; not even for MERCHANTABILITY or FITNESS FOR A PARTICULAR PURPOSE.

configure:5261: $? = 0
configure:5250: gcc -v >&5
Using built-in specs.
COLLECT_GCC=gcc
COLLECT_LTO_WRAPPER=/usr/lib/gcc/x86_64-linux-gnu/11/lto-wrapper
OFFLOAD_TARGET_NAMES=nvptx-none:amdgcn-amdhsa
OFFLOAD_TARGET_DEFAULT=1
Target: x86_64-linux-gnu
Configured with: ../src/configure -v --with-pkgversion='Ubuntu 11.4.0-1ubuntu1~22.04' --with-bugurl=file:///usr/share/doc/gcc-11/README.Bugs --enable-languages=c,ada,c++,go,brig,d,fortran,objc,obj-c++,m2 --prefix=/usr --with-gcc-major-version-only --program-suffix=-11 --program-prefix=x86_64-linux-gnu- --enable-shared --enable-linker-build-id --libexecdir=/usr/lib --without-included-gettext --enable-threads=posix --libdir=/usr/lib --enable-nls --enable-bootstrap --enable-clocale=gnu --enable-libstdcxx-debug --enable-libstdcxx-time=yes --with-default-libstdcxx-abi=new --enable-gnu-unique-object --disable-vtable-verify --enable-plugin --enable-default-pie --with-system-zlib --enable-libphobos-checking=release --with-target-system-zlib=auto --enable-objc-gc=auto --enable-multiarch --disable-werror --enable-cet --with-arch-32=i686 --with-abi=m64 --with-multilib-list=m32,m64,mx32 --enable-multilib --with-tune=generic --enable-offload-targets=nvptx-none=/build/gcc-11-XeT9lY/gcc-11-11.4.0/debian/tmp-nvptx/usr,amdgcn-amdhsa=/build/gcc-11-XeT9lY/gcc-11-11.4.0/debian/tmp-gcn/usr --without-cuda-driver --enable-checking=release --build=x86_64-linux-gnu --host=x86_64-linux-gnu --target=x86_64-linux-gnu --with-build-config=bootstrap-lto-lean --enable-link-serialization=2
Thread model: posix
Supported LTO compression algorithms: zlib zstd
gcc version 11.4.0 (Ubuntu 11.4.0-1ubuntu1~22.04) 
... rest of stderr output deleted ...
configure:5261: $? = 0
configure:5250: gcc -V >&5
gcc: error: unrecognized command-line option '-V'
gcc: fatal error: no input files
compilation terminated.
configure:5261: $? = 1
configure:5250: gcc -qversion >&5
gcc: error: unrecognized command-line option '-qversion'; did you mean '--version'?
gcc: fatal error: no input files
compilation terminated.
configure:5261: $? = 1
configure:5250: gcc -version >&5
gcc: error: unrecognized command-line option '-version'
gcc: fatal error: no input files
compilation terminated.
configure:5261: $? = 1
configure:5265: checking whether the compiler supports GNU C
configure:5295: result: yes
configure:5306: checking whether gcc accepts -g
configure:5371: result: yes
configure:5391: checking for gcc option to enable C11 features
configure:5424: result: none needed
configure:5540: checking whether gcc understands -c and -o together
configure:5578: result: yes
configure:5597: checking dependency style of gcc
configure:5709: result: gcc3
configure:5756: checking build system type
configure:5771: result: x86_64-pc-linux-gnu
configure:5791: checking host system type
configure:5805: result: x86_64-pc-linux-gnu
configure:5846: checking how to print strings
configure:5873: result: printf
configure:5894: checking for a sed that does not truncate output
configure:5964: result: /usr/bin/sed
configure:5982: checking for grep that handles long lines and -e
configure:6046: result: /usr/bin/grep
configure:6051: checking for egrep
configure:6119: result: /usr/bin/grep -E
configure:6124: checking for fgrep
configure:6192: result: /usr/bin/grep -F
configure:6228: checking for ld used by gcc
configure:6296: result: /usr/bin/ld
configure:6303: checking if the linker (/usr/bin/ld) is GNU ld
configure:6319: result: yes
configure:6331: checking for BSD- or MS-compatible name lister (nm)
configure:6386: result: /usr/bin/nm -B
configure:6526: checking the name lister (/usr/bin/nm -B) interface
configure:6534: gcc -c -g -O2  conftest.c >&5
configure:6537: /usr/bin/nm -B "conftest.o"
configure:6540: output
0000000000000000 B some_variable
configure:6547: result: BSD nm
configure:6550: checking whether ln -s works
configure:6554: result: yes
configure:6562: checking the maximum length of command line arguments
configure:6694: result: 1572864
configure:6742: checking how to convert x86_64-pc-linux-gnu file names to x86_64-pc-linux-gnu format
configure:6783: result: func_convert_file_noop
configure:6790: checking how to convert x86_64-pc-linux-gnu file names to toolchain format
configure:6811: result: func_convert_file_noop
configure:6818: checking for /usr/bin/ld option to reload object files
configure:6826: result: -r
configure:6905: checking for objdump
configure:6926: found /usr/bin/objdump
configure:6937: result: objdump
configure:6969: checking how to recognize dependent libraries
configure:7170: result: pass_all
configure:7260: checking for dlltool
configure:7295: result: no
configure:7325: checking how to associate runtime and link libraries
configure:7353: result: printf %s\n
configure:7418: checking for ar
configure:7439: found /usr/bin/ar
configure:7450: result: ar
configure:7487: checking for archiver @FILE support
configure:7505: gcc -c -g -O2  conftest.c >&5
configure:7505: $? = 0
configure:7509: ar cr libconftest.a @conftest.lst >&5
configure:7512: $? = 0
configure:7517: ar cr libconftest.a @conftest.lst >&5
ar: conftest.o: No such file or directory
configure:7520: $? = 1
configure:7532: result: @
configure:7595: checking for strip
configure:7616: found /usr/bin/strip
configure:7627: result: strip
configure:7704: checking for ranlib
configure:7725: found /usr/bin/ranlib
configure:7736: result: ranlib
configure:7838: checking command to parse /usr/bin/nm -B output from gcc object
configure:7992: gcc -c -g -O2  conftest.c >&5
configure:7995: $? = 0
configure:7999: /usr/bin/nm -B conftest.o | sed -n -e 's/^.*[	 ]\([ABCDGIRSTW][ABCDGIRSTW]*\)[	 ][	 ]*\([_A-Za-z][_A-Za-z0-9]*\)$/\1 \2 \2/p' | sed '/ __gnu_lto/d' > conftest.nm
configure:8065: gcc -o conftest -g -O2   conftest.c conftstm.o >&5
configure:8068: $? = 0
configure:8106: result: ok
configure:8153: checking for sysroot
configure:8184: result: no
configure:8191: checking for a working dd
configure:8235: result: /usr/bin/dd
configure:8239: checking how to truncate binary pipes
configure:8255: result: /usr/bin/dd bs=4096 count=1
configure:8392: gcc -c -g -O2  conftest.c >&5
configure:8395: $? = 0
configure:8592: checking for mt
configure:8613: found /usr/bin/mt
configure:8624: result: mt
configure:8647: checking if mt is a manifest tool
configure:8654: mt '-?'
configure:8662: result: no
configure:9388: checking for dlfcn.h
configure:9388: gcc -c -g -O2  conftest.c >&5
configure:9388: $? = 0
configure:9388: result: yes
configure:9647: checking for objdir
configure:9663: result: .libs
configure:9927: checking if gcc supports -fno-rtti -fno-exceptions
configure:9946: gcc -c -g -O2  -fno-rtti -fno-exceptions conftest.c >&5
cc1: warning: command-line option '-fno-rtti' is valid for C++/D/ObjC++ but not for C
configure:9950: $? = 0
configure:9963: result: no
configure:10327: checking for gcc option to produce PIC
configure:10335: result: -fPIC -DPIC
configure:10343: checking if gcc PIC flag -fPIC -DPIC works
configure:10362: gcc -c -g -O2  -fPIC -DPIC -DPIC conftest.c >&5
configure:10366: $? = 0
configure:10379: result: yes
configure:10408: checking if gcc static flag -static works
configure:10437: result: yes
configure:10452: checking if gcc supports -c -o file.o
configure:10474: gcc -c -g -O2  -o out/conftest2.o conftest.c >&5
configure:10478: $? = 0
configure:10500: result: yes
configure:10508: checking if gcc supports -c -o file.o
configure:10556: result: yes
configure:10589: checking whether the gcc linker (/usr/bin/ld -m elf_x86_64) supports shared libraries
configure:11859: result: yes
configure:11896: checking whether -lc should be explicitly linked in
configure:11905: gcc -c -g -O2  conftest.c >&5
configure:11908: $? = 0
configure:11923: gcc -shared  -fPIC -DPIC conftest.o  -v -Wl,-soname -Wl,conftest -o conftest 2\>\&1 \| /usr/bin/grep  -lc  \>/dev/null 2\>\&1
configure:11926: $? = 0
configure:11940: result: no
configure:12100: checking dynamic linker characteristics
configure:12682: gcc -o conftest -g -O2   -Wl,-rpath -Wl,/foo conftest.c  >&5
configure:12682: $? = 0
configure:12933: result: GNU/Linux ld.so
configure:13055: checking how to hardcode library paths into programs
configure:13080: result: immediate
configure:13632: checking whether stripping libraries is possible
configure:13637: result: yes
configure:13672: checking if libtool supports shared libraries
configure:13674: result: yes
configure:13677: checking whether to build shared libraries
configure:13702: result: yes
configure:13705: checking whether to build static libraries
configure:13709: result: yes
configure:13748: checking for ldconfig
configure:13772: found /usr/sbin/ldconfig
configure:13785: result: /usr/sbin/ldconfig
configure:13854: checking for pkg-config
configure:13877: found /usr/bin/pkg-config
configure:13889: result: /usr/bin/pkg-config
configure:13914: checking pkg-config is at least version 0.9.0
configure:13917: result: yes
configure:13927: checking for uuid
configure:13934: $PKG_CONFIG --exists --print-errors "uuid"
configure:13937: $? = 0
configure:13951: $PKG_CONFIG --exists --print-errors "uuid"
configure:13954: $? = 0
configure:14012: result: yes
configure:14021: checking for libselinux
configure:14028: $PKG_CONFIG --exists --print-errors "libselinux"
Package libselinux was not found in the pkg-config search path.
Perhaps you should add the directory containing `libselinux.pc'
to the PKG_CONFIG_PATH environment variable
No package 'libselinux' found
configure:14031: $? = 1
configure:14045: $PKG_CONFIG --exists --print-errors "libselinux"
Package libselinux was not found in the pkg-config search path.
Perhaps you should add the directory containing `libselinux.pc'
to the PKG_CONFIG_PATH environment variable
No package 'libselinux' found
configure:14048: $? = 1
configure:14062: result: no
No package 'libselinux' found
configure:14113: checking for blkid
configure:14120: $PKG_CONFIG --exists --print-errors "blkid"
Package blkid was not found in the pkg-config search path.
Perhaps you should add the directory containing `blkid.pc'
to the PKG_CONFIG_PATH environment variable
No package 'blkid' found
configure:14123: $? = 1
configure:14137: $PKG_CONFIG --exists --print-errors "blkid"
Package blkid was not found in the pkg-config search path.
Perhaps you should add the directory containing `blkid.pc'
to the PKG_CONFIG_PATH environment variable
No package 'blkid' found
configure:14140: $? = 1
configure:14154: result: no
No package 'blkid' found
configure:14202: checking for linux/fs.h
configure:14202: gcc -c -g -O2  conftest.c >&5
configure:14202: $? = 0
configure:14202: result: yes
configure:14208: checking for linux/blkzoned.h
configure:14208: gcc -c -g -O2  conftest.c >&5
configure:14208: $? = 0
configure:14208: result: yes
configure:14214: checking for fcntl.h
configure:14214: result: yes
configure:14220: checking for mntent.h
configure:14220: result: yes
configure:14226: checking for stdlib.h
configure:14226: result: yes
configure:14232: checking for string.h
configure:14232: result: yes
configure:14238: checking for sys/ioctl.h
configure:14238: result: yes
configure:14244: checking for sys/mount.h
configure:14244: result: yes
configure:14250: checking for unistd.h
configure:14250: result: yes
configure:14256: checking for linux/falloc.h
configure:14256: gcc -c -g -O2  conftest.c >&5
configure:14256: $? = 0
configure:14256: result: yes
configure:14262: checking for byteswap.h
configure:14262: gcc -c -g -O2  conftest.c >&5
configure:14262: $? = 0
configure:14262: result: yes
configure:14271: checking for inline
configure:14288: gcc -c -g -O2  conftest.c >&5
configure:14288: $? = 0
configure:14297: result: inline
configure:14315: checking for int32_t
configure:14315: gcc -c -g -O2  conftest.c >&5
configure:14315: $? = 0
configure:14315: gcc -c -g -O2  conftest.c >&5
conftest.c: In function 'main':
conftest.c:75:67: warning: integer overflow in expression of type 'int' results in '-2147483648' [-Woverflow]
   75 |                  < (int32_t) (((((int32_t) 1 << N) << N) - 1) * 2 + 2))];
      |                                                                   ^
conftest.c:74:12: error: storage size of 'test_array' isn't constant
   74 | static int test_array [1 - 2 * !((int32_t) (((((int32_t) 1 << N) << N) - 1) * 2 + 1)
      |            ^~~~~~~~~~
configure:14315: $? = 1
configure: failed program was:
| /* confdefs.h */
| #define PACKAGE_NAME "F2FS tools"
| #define PACKAGE_TARNAME "f2fs-tools"
| #define PACKAGE_VERSION "1.9.0"
| #define PACKAGE_STRING "F2FS tools 1.9.0"
| #define PACKAGE_BUGREPORT "linux-f2fs-devel@lists.sourceforge.net"
| #define PACKAGE_URL ""
| #define F2FS_TOOLS_VERSION "1.9.0"
| #define F2FS_MAJOR_VERSION 1
| #define F2FS_MINOR_VERSION 9
| #define F2FS_TOOLS_DATE "2017-09-21"
| #define PACKAGE "f2fs-tools"
| #define VERSION "1.9.0"
| #define HAVE_STDIO_H 1
| #define HAVE_STDLIB_H 1
| #define HAVE_STRING_H 1
| #define HAVE_INTTYPES_H 1
| #define HAVE_STDINT_H 1
| #define HAVE_STRINGS_H 1
| #define HAVE_SYS_STAT_H 1
| #define HAVE_SYS_TYPES_H 1
| #define HAVE_UNISTD_H 1
| #define HAVE_FCNTL_H 1
| #define HAVE_MNTENT_H 1
| #define HAVE_SYS_IOCTL_H 1
| #define HAVE_SYS_MOUNT_H 1
| #define STDC_HEADERS 1
| #define HAVE_DLFCN_H 1
| #define LT_OBJDIR ".libs/"
| #define HAVE_LINUX_FS_H 1
| #define HAVE_LINUX_BLKZONED_H 1
| #define HAVE_FCNTL_H 1
| #define HAVE_MNTENT_H 1
| #define HAVE_STDLIB_H 1
| #define HAVE_STRING_H 1
| #define HAVE_SYS_IOCTL_H 1
| #define HAVE_SYS_MOUNT_H 1
| #define HAVE_UNISTD_H 1
| #define HAVE_LINUX_FALLOC_H 1
| #define HAVE_BYTESWAP_H 1
| /* end confdefs.h.  */
| #include <stddef.h>
| #ifdef HAVE_STDIO_H
| # include <stdio.h>
| #endif
| #ifdef HAVE_STDLIB_H
| # include <stdlib.h>
| #endif
| #ifdef HAVE_STRING_H
| # include <string.h>
| #endif
| #ifdef HAVE_INTTYPES_H
| # include <inttypes.h>
| #endif
| #ifdef HAVE_STDINT_H
| # include <stdint.h>
| #endif
| #ifdef HAVE_STRINGS_H
| # include <strings.h>
| #endif
| #ifdef HAVE_SYS_TYPES_H
| # include <sys/types.h>
| #endif
| #ifdef HAVE_SYS_STAT_H
| # include <sys/stat.h>
| #endif
| #ifdef HAVE_UNISTD_H
| # include <unistd.h>
| #endif
| 	        enum { N = 32 / 2 - 1 };
| int
| main (void)
| {
| static int test_array [1 - 2 * !((int32_t) (((((int32_t) 1 << N) << N) - 1) * 2 + 1)
| 		 < (int32_t) (((((int32_t) 1 << N) << N) - 1) * 2 + 2))];
| test_array [0] = 0;
| return test_array [0];
| 
|   ;
|   return 0;
| }
configure:14315: result: yes
configure:14324: checking for int8_t
configure:14324: gcc -c -g -O2  conftest.c >&5
configure:14324: $? = 0
configure:14324: gcc -c -g -O2  conftest.c >&5
conftest.c: In function 'main':
conftest.c:74:12: error: size of array 'test_array' is negative
   74 | static int test_array [1 - 2 * !((int8_t) (((((int8_t) 1 << N) << N) - 1) * 2 + 1)
      |            ^~~~~~~~~~
configure:14324: $? = 1
configure: failed program was:
| /* confdefs.h */
| #define PACKAGE_NAME "F2FS tools"
| #define PACKAGE_TARNAME "f2fs-tools"
| #define PACKAGE_VERSION "1.9.0"
| #define PACKAGE_STRING "F2FS tools 1.9.0"
| #define PACKAGE_BUGREPORT "linux-f2fs-devel@lists.sourceforge.net"
| #define PACKAGE_URL ""
| #define F2FS_TOOLS_VERSION "1.9.0"
| #define F2FS_MAJOR_VERSION 1
| #define F2FS_MINOR_VERSION 9
| #define F2FS_TOOLS_DATE "2017-09-21"
| #define PACKAGE "f2fs-tools"
| #define VERSION "1.9.0"
| #define HAVE_STDIO_H 1
| #define HAVE_STDLIB_H 1
| #define HAVE_STRING_H 1
| #define HAVE_INTTYPES_H 1
| #define HAVE_STDINT_H 1
| #define HAVE_STRINGS_H 1
| #define HAVE_SYS_STAT_H 1
| #define HAVE_SYS_TYPES_H 1
| #define HAVE_UNISTD_H 1
| #define HAVE_FCNTL_H 1
| #define HAVE_MNTENT_H 1
| #define HAVE_SYS_IOCTL_H 1
| #define HAVE_SYS_MOUNT_H 1
| #define STDC_HEADERS 1
| #define HAVE_DLFCN_H 1
| #define LT_OBJDIR ".libs/"
| #define HAVE_LINUX_FS_H 1
| #define HAVE_LINUX_BLKZONED_H 1
| #define HAVE_FCNTL_H 1
| #define HAVE_MNTENT_H 1
| #define HAVE_STDLIB_H 1
| #define HAVE_STRING_H 1
| #define HAVE_SYS_IOCTL_H 1
| #define HAVE_SYS_MOUNT_H 1
| #define HAVE_UNISTD_H 1
| #define HAVE_LINUX_FALLOC_H 1
| #define HAVE_BYTESWAP_H 1
| /* end confdefs.h.  */
| #include <stddef.h>
| #ifdef HAVE_STDIO_H
| # include <stdio.h>
| #endif
| #ifdef HAVE_STDLIB_H
| # include <stdlib.h>
| #endif
| #ifdef HAVE_STRING_H
| # include <string.h>
| #endif
| #ifdef HAVE_INTTYPES_H
| # include <inttypes.h>
| #endif
| #ifdef HAVE_STDINT_H
| # include <stdint.h>
| #endif
| #ifdef HAVE_STRINGS_H
| # include <strings.h>
| #endif
| #ifdef HAVE_SYS_TYPES_H
| # include <sys/types.h>
| #endif
| #ifdef HAVE_SYS_STAT_H
| # include <sys/stat.h>
| #endif
| #ifdef HAVE_UNISTD_H
| # include <unistd.h>
| #endif
| 	        enum { N = 8 / 2 - 1 };
| int
| main (void)
| {
| static int test_array [1 - 2 * !((int8_t) (((((int8_t) 1 << N) << N) - 1) * 2 + 1)
| 		 < (int8_t) (((((int8_t) 1 << N) << N) - 1) * 2 + 2))];
| test_array [0] = 0;
| return test_array [0];
| 
|   ;
|   return 0;
| }
configure:14324: result: yes
configure:14333: checking for size_t
configure:14333: gcc -c -g -O2  conftest.c >&5
configure:14333: $? = 0
configure:14333: gcc -c -g -O2  conftest.c >&5
conftest.c: In function 'main':
conftest.c:73:21: error: expected expression before ')' token
   73 | if (sizeof ((size_t)))
      |                     ^
configure:14333: $? = 1
configure: failed program was:
| /* confdefs.h */
| #define PACKAGE_NAME "F2FS tools"
| #define PACKAGE_TARNAME "f2fs-tools"
| #define PACKAGE_VERSION "1.9.0"
| #define PACKAGE_STRING "F2FS tools 1.9.0"
| #define PACKAGE_BUGREPORT "linux-f2fs-devel@lists.sourceforge.net"
| #define PACKAGE_URL ""
| #define F2FS_TOOLS_VERSION "1.9.0"
| #define F2FS_MAJOR_VERSION 1
| #define F2FS_MINOR_VERSION 9
| #define F2FS_TOOLS_DATE "2017-09-21"
| #define PACKAGE "f2fs-tools"
| #define VERSION "1.9.0"
| #define HAVE_STDIO_H 1
| #define HAVE_STDLIB_H 1
| #define HAVE_STRING_H 1
| #define HAVE_INTTYPES_H 1
| #define HAVE_STDINT_H 1
| #define HAVE_STRINGS_H 1
| #define HAVE_SYS_STAT_H 1
| #define HAVE_SYS_TYPES_H 1
| #define HAVE_UNISTD_H 1
| #define HAVE_FCNTL_H 1
| #define HAVE_MNTENT_H 1
| #define HAVE_SYS_IOCTL_H 1
| #define HAVE_SYS_MOUNT_H 1
| #define STDC_HEADERS 1
| #define HAVE_DLFCN_H 1
| #define LT_OBJDIR ".libs/"
| #define HAVE_LINUX_FS_H 1
| #define HAVE_LINUX_BLKZONED_H 1
| #define HAVE_FCNTL_H 1
| #define HAVE_MNTENT_H 1
| #define HAVE_STDLIB_H 1
| #define HAVE_STRING_H 1
| #define HAVE_SYS_IOCTL_H 1
| #define HAVE_SYS_MOUNT_H 1
| #define HAVE_UNISTD_H 1
| #define HAVE_LINUX_FALLOC_H 1
| #define HAVE_BYTESWAP_H 1
| /* end confdefs.h.  */
| #include <stddef.h>
| #ifdef HAVE_STDIO_H
| # include <stdio.h>
| #endif
| #ifdef HAVE_STDLIB_H
| # include <stdlib.h>
| #endif
| #ifdef HAVE_STRING_H
| # include <string.h>
| #endif
| #ifdef HAVE_INTTYPES_H
| # include <inttypes.h>
| #endif
| #ifdef HAVE_STDINT_H
| # include <stdint.h>
| #endif
| #ifdef HAVE_STRINGS_H
| # include <strings.h>
| #endif
| #ifdef HAVE_SYS_TYPES_H
| # include <sys/types.h>
| #endif
| #ifdef HAVE_SYS_STAT_H
| # include <sys/stat.h>
| #endif
| #ifdef HAVE_UNISTD_H
| # include <unistd.h>
| #endif
| int
| main (void)
| {
| if (sizeof ((size_t)))
| 	    return 0;
|   ;
|   return 0;
| }
configure:14333: result: yes
configure:14347: checking for library containing getmntent
configure:14377: gcc -o conftest -g -O2   conftest.c  >&5
configure:14377: $? = 0
configure:14397: result: none required
configure:14416: checking for fallocate
configure:14416: gcc -o conftest -g -O2   conftest.c  >&5
configure:14416: $? = 0
configure:14416: result: yes
configure:14416: checking for getmntent
configure:14416: result: yes
configure:14416: checking for memset
configure:14416: gcc -o conftest -g -O2   conftest.c  >&5
conftest.c:61:6: warning: conflicting types for built-in function 'memset'; expected 'void *(void *, int,  long unsigned int)' [-Wbuiltin-declaration-mismatch]
   61 | char memset ();
      |      ^~~~~~
conftest.c:53:1: note: 'memset' is declared in header '<string.h>'
   52 | #include <limits.h>
   53 | #undef memset
configure:14416: $? = 0
configure:14416: result: yes
configure:14429: checking for gcc options needed to detect all undeclared functions
configure:14451: gcc -c -g -O2   conftest.c >&5
conftest.c: In function 'main':
conftest.c:50:8: error: 'strchr' undeclared (first use in this function)
   50 | (void) strchr;
      |        ^~~~~~
conftest.c:1:1: note: 'strchr' is defined in header '<string.h>'; did you forget to '#include <string.h>'?
    1 | /* confdefs.h */
conftest.c:50:8: note: each undeclared identifier is reported only once for each function it appears in
   50 | (void) strchr;
      |        ^~~~~~
configure:14451: $? = 1
configure: failed program was:
| /* confdefs.h */
| #define PACKAGE_NAME "F2FS tools"
| #define PACKAGE_TARNAME "f2fs-tools"
| #define PACKAGE_VERSION "1.9.0"
| #define PACKAGE_STRING "F2FS tools 1.9.0"
| #define PACKAGE_BUGREPORT "linux-f2fs-devel@lists.sourceforge.net"
| #define PACKAGE_URL ""
| #define F2FS_TOOLS_VERSION "1.9.0"
| #define F2FS_MAJOR_VERSION 1
| #define F2FS_MINOR_VERSION 9
| #define F2FS_TOOLS_DATE "2017-09-21"
| #define PACKAGE "f2fs-tools"
| #define VERSION "1.9.0"
| #define HAVE_STDIO_H 1
| #define HAVE_STDLIB_H 1
| #define HAVE_STRING_H 1
| #define HAVE_INTTYPES_H 1
| #define HAVE_STDINT_H 1
| #define HAVE_STRINGS_H 1
| #define HAVE_SYS_STAT_H 1
| #define HAVE_SYS_TYPES_H 1
| #define HAVE_UNISTD_H 1
| #define HAVE_FCNTL_H 1
| #define HAVE_MNTENT_H 1
| #define HAVE_SYS_IOCTL_H 1
| #define HAVE_SYS_MOUNT_H 1
| #define STDC_HEADERS 1
| #define HAVE_DLFCN_H 1
| #define LT_OBJDIR ".libs/"
| #define HAVE_LINUX_FS_H 1
| #define HAVE_LINUX_BLKZONED_H 1
| #define HAVE_FCNTL_H 1
| #define HAVE_MNTENT_H 1
| #define HAVE_STDLIB_H 1
| #define HAVE_STRING_H 1
| #define HAVE_SYS_IOCTL_H 1
| #define HAVE_SYS_MOUNT_H 1
| #define HAVE_UNISTD_H 1
| #define HAVE_LINUX_FALLOC_H 1
| #define HAVE_BYTESWAP_H 1
| #define HAVE_GETMNTENT 1
| #define HAVE_FALLOCATE 1
| #define HAVE_GETMNTENT 1
| #define HAVE_MEMSET 1
| /* end confdefs.h.  */
| 
| int
| main (void)
| {
| (void) strchr;
|   ;
|   return 0;
| }
configure:14478: gcc -c -g -O2   conftest.c >&5
configure:14478: $? = 0
configure:14495: result: none needed
configure:14511: checking whether bswap_64 is declared
configure:14511: gcc -c -g -O2   conftest.c >&5
configure:14511: $? = 0
configure:14511: result: yes
configure:14648: checking that generated files are newer than configure
configure:14654: result: done
configure:14681: creating ./config.status

## ---------------------- ##
## Running config.status. ##
## ---------------------- ##

This file was extended by F2FS tools config.status 1.9.0, which was
generated by GNU Autoconf 2.71.  Invocation command line was

  CONFIG_FILES    = 
  CONFIG_HEADERS  = 
  CONFIG_LINKS    = 
  CONFIG_COMMANDS = 
  $ ./config.status 

on ddst-52

config.status:1124: creating Makefile
config.status:1124: creating man/Makefile
config.status:1124: creating lib/Makefile
config.status:1124: creating mkfs/Makefile
config.status:1124: creating fsck/Makefile
config.status:1124: creating tools/Makefile
config.status:1124: creating config.h
config.status:1353: executing depfiles commands
config.status:1430: cd lib       && sed -e '/# am--include-marker/d' Makefile         | make -f - am--depfiles
config.status:1435: $? = 0
config.status:1430: cd mkfs       && sed -e '/# am--include-marker/d' Makefile         | make -f - am--depfiles
config.status:1435: $? = 0
config.status:1430: cd fsck       && sed -e '/# am--include-marker/d' Makefile         | make -f - am--depfiles
config.status:1435: $? = 0
config.status:1430: cd tools       && sed -e '/# am--include-marker/d' Makefile         | make -f - am--depfiles
config.status:1435: $? = 0
config.status:1353: executing libtool commands

## ---------------- ##
## Cache variables. ##
## ---------------- ##

ac_cv_build=x86_64-pc-linux-gnu
ac_cv_c_compiler_gnu=yes
ac_cv_c_inline=inline
ac_cv_c_int32_t=yes
ac_cv_c_int8_t=yes
ac_cv_c_undeclared_builtin_options='none needed'
ac_cv_env_CC_set=
ac_cv_env_CC_value=
ac_cv_env_CFLAGS_set=
ac_cv_env_CFLAGS_value=
ac_cv_env_CPPFLAGS_set=
ac_cv_env_CPPFLAGS_value=
ac_cv_env_LDFLAGS_set=
ac_cv_env_LDFLAGS_value=
ac_cv_env_LIBS_set=
ac_cv_env_LIBS_value=
ac_cv_env_LT_SYS_LIBRARY_PATH_set=
ac_cv_env_LT_SYS_LIBRARY_PATH_value=
ac_cv_env_PKG_CONFIG_LIBDIR_set=
ac_cv_env_PKG_CONFIG_LIBDIR_value=
ac_cv_env_PKG_CONFIG_PATH_set=
ac_cv_env_PKG_CONFIG_PATH_value=
ac_cv_env_PKG_CONFIG_set=
ac_cv_env_PKG_CONFIG_value=
ac_cv_env_build_alias_set=
ac_cv_env_build_alias_value=
ac_cv_env_host_alias_set=
ac_cv_env_host_alias_value=
ac_cv_env_libblkid_CFLAGS_set=
ac_cv_env_libblkid_CFLAGS_value=
ac_cv_env_libblkid_LIBS_set=
ac_cv_env_libblkid_LIBS_value=
ac_cv_env_libselinux_CFLAGS_set=
ac_cv_env_libselinux_CFLAGS_value=
ac_cv_env_libselinux_LIBS_set=
ac_cv_env_libselinux_LIBS_value=
ac_cv_env_libuuid_CFLAGS_set=
ac_cv_env_libuuid_CFLAGS_value=
ac_cv_env_libuuid_LIBS_set=
ac_cv_env_libuuid_LIBS_value=
ac_cv_env_target_alias_set=
ac_cv_env_target_alias_value=
ac_cv_file__git=no
ac_cv_func_fallocate=yes
ac_cv_func_getmntent=yes
ac_cv_func_memset=yes
ac_cv_have_decl_bswap_64=yes
ac_cv_header_byteswap_h=yes
ac_cv_header_dlfcn_h=yes
ac_cv_header_fcntl_h=yes
ac_cv_header_inttypes_h=yes
ac_cv_header_linux_blkzoned_h=yes
ac_cv_header_linux_falloc_h=yes
ac_cv_header_linux_fs_h=yes
ac_cv_header_mntent_h=yes
ac_cv_header_stdint_h=yes
ac_cv_header_stdio_h=yes
ac_cv_header_stdlib_h=yes
ac_cv_header_string_h=yes
ac_cv_header_strings_h=yes
ac_cv_header_sys_ioctl_h=yes
ac_cv_header_sys_mount_h=yes
ac_cv_header_sys_stat_h=yes
ac_cv_header_sys_types_h=yes
ac_cv_header_unistd_h=yes
ac_cv_host=x86_64-pc-linux-gnu
ac_cv_objext=o
ac_cv_path_EGREP='/usr/bin/grep -E'
ac_cv_path_FGREP='/usr/bin/grep -F'
ac_cv_path_GREP=/usr/bin/grep
ac_cv_path_LDCONFIG=/usr/sbin/ldconfig
ac_cv_path_SED=/usr/bin/sed
ac_cv_path_ac_pt_PKG_CONFIG=/usr/bin/pkg-config
ac_cv_path_install='/usr/bin/install -c'
ac_cv_path_lt_DD=/usr/bin/dd
ac_cv_path_mkdir=/usr/bin/mkdir
ac_cv_prog_AWK=mawk
ac_cv_prog_ac_ct_AR=ar
ac_cv_prog_ac_ct_CC=gcc
ac_cv_prog_ac_ct_MANIFEST_TOOL=mt
ac_cv_prog_ac_ct_OBJDUMP=objdump
ac_cv_prog_ac_ct_RANLIB=ranlib
ac_cv_prog_ac_ct_STRIP=strip
ac_cv_prog_cc_c11=
ac_cv_prog_cc_g=yes
ac_cv_prog_cc_stdc=
ac_cv_prog_make_make_set=yes
ac_cv_search_getmntent='none required'
ac_cv_type_size_t=yes
am_cv_CC_dependencies_compiler_type=gcc3
am_cv_make_support_nested_variables=yes
am_cv_prog_cc_c_o=yes
am_cv_prog_tar_pax=gnutar
lt_cv_ar_at_file=@
lt_cv_archive_cmds_need_lc=no
lt_cv_deplibs_check_method=pass_all
lt_cv_file_magic_cmd='$MAGIC_CMD'
lt_cv_file_magic_test_file=
lt_cv_ld_reload_flag=-r
lt_cv_nm_interface='BSD nm'
lt_cv_objdir=.libs
lt_cv_path_LD=/usr/bin/ld
lt_cv_path_NM='/usr/bin/nm -B'
lt_cv_path_mainfest_tool=no
lt_cv_prog_compiler_c_o=yes
lt_cv_prog_compiler_pic='-fPIC -DPIC'
lt_cv_prog_compiler_pic_works=yes
lt_cv_prog_compiler_rtti_exceptions=no
lt_cv_prog_compiler_static_works=yes
lt_cv_prog_gnu_ld=yes
lt_cv_sharedlib_from_linklib_cmd='printf %s\n'
lt_cv_shlibpath_overrides_runpath=yes
lt_cv_sys_global_symbol_pipe='sed -n -e '\''s/^.*[	 ]\([ABCDGIRSTW][ABCDGIRSTW]*\)[	 ][	 ]*\([_A-Za-z][_A-Za-z0-9]*\)$/\1 \2 \2/p'\'' | sed '\''/ __gnu_lto/d'\'''
lt_cv_sys_global_symbol_to_c_name_address='sed -n -e '\''s/^: \(.*\) .*$/  {"\1", (void *) 0},/p'\'' -e '\''s/^[ABCDGIRSTW][ABCDGIRSTW]* .* \(.*\)$/  {"\1", (void *) \&\1},/p'\'''
lt_cv_sys_global_symbol_to_c_name_address_lib_prefix='sed -n -e '\''s/^: \(.*\) .*$/  {"\1", (void *) 0},/p'\'' -e '\''s/^[ABCDGIRSTW][ABCDGIRSTW]* .* \(lib.*\)$/  {"\1", (void *) \&\1},/p'\'' -e '\''s/^[ABCDGIRSTW][ABCDGIRSTW]* .* \(.*\)$/  {"lib\1", (void *) \&\1},/p'\'''
lt_cv_sys_global_symbol_to_cdecl='sed -n -e '\''s/^T .* \(.*\)$/extern int \1();/p'\'' -e '\''s/^[ABCDGIRSTW][ABCDGIRSTW]* .* \(.*\)$/extern char \1;/p'\'''
lt_cv_sys_global_symbol_to_import=
lt_cv_sys_max_cmd_len=1572864
lt_cv_to_host_file_cmd=func_convert_file_noop
lt_cv_to_tool_file_cmd=func_convert_file_noop
lt_cv_truncate_bin='/usr/bin/dd bs=4096 count=1'
pkg_cv_libuuid_CFLAGS=-I/usr/include/uuid
pkg_cv_libuuid_LIBS=-luuid

## ----------------- ##
## Output variables. ##
## ----------------- ##

ACLOCAL='${SHELL} '\''/home/jin/csgc-artifacts/host/src/f2fs-tools-iplfs/build-aux/missing'\'' aclocal-1.16'
AMDEPBACKSLASH='\'
AMDEP_FALSE='#'
AMDEP_TRUE=''
AMTAR='$${TAR-tar}'
AM_BACKSLASH='\'
AM_DEFAULT_V='$(AM_DEFAULT_VERBOSITY)'
AM_DEFAULT_VERBOSITY='1'
AM_V='$(V)'
AR='ar'
AUTOCONF='${SHELL} '\''/home/jin/csgc-artifacts/host/src/f2fs-tools-iplfs/build-aux/missing'\'' autoconf'
AUTOHEADER='${SHELL} '\''/home/jin/csgc-artifacts/host/src/f2fs-tools-iplfs/build-aux/missing'\'' autoheader'
AUTOMAKE='${SHELL} '\''/home/jin/csgc-artifacts/host/src/f2fs-tools-iplfs/build-aux/missing'\'' automake-1.16'
AWK='mawk'
CC='gcc'
CCDEPMODE='depmode=gcc3'
CFLAGS='-g -O2'
CPPFLAGS=''
CSCOPE='cscope'
CTAGS='ctags'
CYGPATH_W='echo'
DEFS='-DHAVE_CONFIG_H'
DEPDIR='.deps'
DLLTOOL='false'
DSYMUTIL=''
DUMPBIN=''
ECHO_C=''
ECHO_N='-n'
ECHO_T=''
EGREP='/usr/bin/grep -E'
ETAGS='etags'
EXEEXT=''
FGREP='/usr/bin/grep -F'
FMT_AGE='0'
FMT_CURRENT='2'
FMT_REVISION='0'
GREP='/usr/bin/grep'
INSTALL_DATA='${INSTALL} -m 644'
INSTALL_PROGRAM='${INSTALL}'
INSTALL_SCRIPT='${INSTALL}'
INSTALL_STRIP_PROGRAM='$(install_sh) -c -s'
LD='/usr/bin/ld -m elf_x86_64'
LDCONFIG='/usr/sbin/ldconfig'
LDFLAGS=''
LIBF2FS_AGE='0'
LIBF2FS_CURRENT='3'
LIBF2FS_REVISION='0'
LIBOBJS=''
LIBS=''
LIBTOOL='$(SHELL) $(top_builddir)/libtool'
LIPO=''
LN_S='ln -s'
LTLIBOBJS=''
LT_SYS_LIBRARY_PATH=''
MAKEINFO='${SHELL} '\''/home/jin/csgc-artifacts/host/src/f2fs-tools-iplfs/build-aux/missing'\'' makeinfo'
MANIFEST_TOOL=':'
MKDIR_P='/usr/bin/mkdir -p'
NM='/usr/bin/nm -B'
NMEDIT=''
OBJDUMP='objdump'
OBJEXT='o'
OTOOL64=''
OTOOL=''
PACKAGE='f2fs-tools'
PACKAGE_BUGREPORT='linux-f2fs-devel@lists.sourceforge.net'
PACKAGE_NAME='F2FS tools'
PACKAGE_STRING='F2FS tools 1.9.0'
PACKAGE_TARNAME='f2fs-tools'
PACKAGE_URL=''
PACKAGE_VERSION='1.9.0'
PATH_SEPARATOR=':'
PKG_CONFIG='/usr/bin/pkg-config'
PKG_CONFIG_LIBDIR=''
PKG_CONFIG_PATH=''
RANLIB='ranlib'
SED='/usr/bin/sed'
SET_MAKE=''
SHELL='/bin/bash'
STRIP='strip'
VERSION='1.9.0'
ac_ct_AR='ar'
ac_ct_CC='gcc'
ac_ct_DUMPBIN=''
am__EXEEXT_FALSE=''
am__EXEEXT_TRUE='#'
am__fastdepCC_FALSE='#'
am__fastdepCC_TRUE=''
am__include='include'
am__isrc=''
am__leading_dot='.'
am__nodep='_no'
am__quote=''
am__tar='tar --format=posix -chf - "$$tardir"'
am__untar='tar -xf -'
bindir='${exec_prefix}/bin'
build='x86_64-pc-linux-gnu'
build_alias=''
build_cpu='x86_64'
build_os='linux-gnu'
build_vendor='pc'
datadir='${datarootdir}'
datarootdir='${prefix}/share'
docdir='${datarootdir}/doc/${PACKAGE_TARNAME}'
dvidir='${docdir}'
exec_prefix='${prefix}'
host='x86_64-pc-linux-gnu'
host_alias=''
host_cpu='x86_64'
host_os='linux-gnu'
host_vendor='pc'
htmldir='${docdir}'
includedir='${prefix}/include'
infodir='${datarootdir}/info'
install_sh='${SHELL} /home/jin/csgc-artifacts/host/src/f2fs-tools-iplfs/build-aux/install-sh'
libblkid_CFLAGS=''
libblkid_LIBS=''
libdir='${exec_prefix}/lib'
libexecdir='${exec_prefix}/libexec'
libselinux_CFLAGS=''
libselinux_LIBS=''
libuuid_CFLAGS='-I/usr/include/uuid'
libuuid_LIBS='-luuid'
localedir='${datarootdir}/locale'
localstatedir='${prefix}/var'
mandir='${datarootdir}/man'
mkdir_p='$(MKDIR_P)'
oldincludedir='/usr/include'
pdfdir='${docdir}'
prefix='/usr/local'
program_transform_name='s,x,x,'
psdir='${docdir}'
runstatedir='${localstatedir}/run'
sbindir='${exec_prefix}/sbin'
sharedstatedir='${prefix}/com'
sysconfdir='${prefix}/etc'
target_alias=''

## ----------- ##
## confdefs.h. ##
## ----------- ##

/* confdefs.h */
#define PACKAGE_NAME "F2FS tools"
#define PACKAGE_TARNAME "f2fs-tools"
#define PACKAGE_VERSION "1.9.0"
#define PACKAGE_STRING "F2FS tools 1.9.0"
#define PACKAGE_BUGREPORT "linux-f2fs-devel@lists.sourceforge.net"
#define PACKAGE_URL ""
#define F2FS_TOOLS_VERSION "1.9.0"
#define F2FS_MAJOR_VERSION 1
#define F2FS_MINOR_VERSION 9
#define F2FS_TOOLS_DATE "2017-09-21"
#define PACKAGE "f2fs-tools"
#define VERSION "1.9.0"
#define HAVE_STDIO_H 1
#define HAVE_STDLIB_H 1
#define HAVE_STRING_H 1
#define HAVE_INTTYPES_H 1
#define HAVE_STDINT_H 1
#define HAVE_STRINGS_H 1
#define HAVE_SYS_STAT_H 1
#define HAVE_SYS_TYPES_H 1
#define HAVE_UNISTD_H 1
#define HAVE_FCNTL_H 1
#define HAVE_MNTENT_H 1
#define HAVE_SYS_IOCTL_H 1
#define HAVE_SYS_MOUNT_H 1
#define STDC_HEADERS 1
#define HAVE_DLFCN_H 1
#define LT_OBJDIR ".libs/"
#define HAVE_LINUX_FS_H 1
#define HAVE_LINUX_BLKZONED_H 1
#define HAVE_FCNTL_H 1
#define HAVE_MNTENT_H 1
#define HAVE_STDLIB_H 1
#define HAVE_STRING_H 1
#define HAVE_SYS_IOCTL_H 1
#define HAVE_SYS_MOUNT_H 1
#define HAVE_UNISTD_H 1
#define HAVE_LINUX_FALLOC_H 1
#define HAVE_BYTESWAP_H 1
#define HAVE_GETMNTENT 1
#define HAVE_FALLOCATE 1
#define HAVE_GETMNTENT 1
#define HAVE_MEMSET 1
#define HAVE_DECL_BSWAP_64 1

configure: exit 0

## ---------------------- ##
## Running config.status. ##
## ---------------------- ##

This file was extended by F2FS tools config.status 1.9.0, which was
generated by GNU Autoconf 2.71.  Invocation command line was

  CONFIG_FILES    = 
  CONFIG_HEADERS  = 
  CONFIG_LINKS    = 
  CONFIG_COMMANDS = 
  $ ./config.status config.h

on ddst-52

config.status:1124: creating config.h
config.status:1305: config.h is unchanged
