randwrite: (g=0): rw=randwrite, bs=(R) 64.0KiB-64.0KiB, (W) 64.0KiB-64.0KiB, (T) 64.0KiB-64.0KiB, ioengine=libaio, iodepth=1
...
fio-3.38-4-gcd56-dirty
Starting 4 threads
randwrite: Laying out IO file (1 file / 36749MiB)

randwrite: (groupid=0, jobs=4): err= 0: pid=4627: Mon May 12 15:30:28 2025
  write: IOPS=7609, BW=476MiB/s (499MB/s)(80.0GiB/172258msec); 0 zone resets
    slat (usec): min=13, max=212603, avg=523.02, stdev=2863.17
    clat (nsec): min=252, max=66173, avg=1023.86, stdev=812.09
     lat (usec): min=13, max=212608, avg=524.04, stdev=2863.62
    clat percentiles (nsec):
     |  1.00th=[  290],  5.00th=[  346], 10.00th=[  450], 20.00th=[  628],
     | 30.00th=[  756], 40.00th=[  900], 50.00th=[ 1020], 60.00th=[ 1064],
     | 70.00th=[ 1096], 80.00th=[ 1144], 90.00th=[ 1288], 95.00th=[ 1432],
     | 99.00th=[ 5664], 99.50th=[ 5920], 99.90th=[ 6496], 99.95th=[ 8896],
     | 99.99th=[18816]
   bw (  KiB/s): min=75848, max=2139322, per=99.74%, avg=485710.32, stdev=67382.24, samples=1374
   iops        : min= 1184, max=33426, avg=7588.58, stdev=1052.84, samples=1374
  lat (nsec)   : 500=12.40%, 750=17.22%, 1000=17.87%
  lat (usec)   : 2=49.85%, 4=0.57%, 10=2.05%, 20=0.03%, 50=0.01%
  lat (usec)   : 100=0.01%
  cpu          : usr=0.52%, sys=36.87%, ctx=1146344, majf=0, minf=6272
  IO depths    : 1=100.0%, 2=0.0%, 4=0.0%, 8=0.0%, 16=0.0%, 32=0.0%, >=64=0.0%
     submit    : 0=0.0%, 4=100.0%, 8=0.0%, 16=0.0%, 32=0.0%, 64=0.0%, >=64=0.0%
     complete  : 0=0.0%, 4=100.0%, 8=0.0%, 16=0.0%, 32=0.0%, 64=0.0%, >=64=0.0%
     issued rwts: total=0,1310720,0,0 short=0,0,0,0 dropped=0,0,0,0
     latency   : target=0, window=0, percentile=100.00%, depth=1

Run status group 0 (all jobs):
  WRITE: bw=476MiB/s (499MB/s), 476MiB/s-476MiB/s (499MB/s-499MB/s), io=80.0GiB (85.9GB), run=172258-172258msec

Disk stats (read/write):
  nvme0n1: ios=22643/194717, sectors=862496/166806960, merge=0/24, ticks=17534/5074525, in_queue=5092213, util=79.59%
