Filebench Version 1.5-alpha3
0.000: Allocated 177MB of shared memory
0.002: Varmail Version 3.0 personality successfully loaded
0.002: Populating and pre-allocating filesets
0.022: bigfileset populated: 54000 files, avg. dir. width = 10000, avg. dir. depth = 1.2, 0 leafdirs, 54086.447MB total size
0.022: Removing bigfileset tree (if exists)
0.025: Pre-allocating directories in bigfileset tree
0.025: Pre-allocating files in bigfileset tree
72.045: Waiting for pre-allocation to finish (in case of a parallel pre-allocation)
72.045: Population and pre-allocation of filesets completed
72.045: Starting 1 filereader instances
73.051: Running...
133.063: Run took 60 seconds...
133.063: Per-Operation Breakdown
closefile3           11068ops      184ops/s   0.0mb/s    0.003ms/op [0.001ms - 0.026ms]
fsyncfile3           11068ops      184ops/s   0.0mb/s    3.228ms/op [0.323ms - 71.180ms]
writefile2           11068ops      184ops/s  23.1mb/s    0.501ms/op [0.022ms - 93.410ms]
readfile3            11068ops      184ops/s 184.7mb/s    6.121ms/op [0.124ms - 58.507ms]
openfile3            11068ops      184ops/s   0.0mb/s    0.012ms/op [0.003ms - 0.706ms]
closefile2           11068ops      184ops/s   0.0mb/s    0.004ms/op [0.001ms - 0.031ms]
fsyncfile2           11068ops      184ops/s   0.0mb/s    9.916ms/op [1.255ms - 106.484ms]
writewholefile1      11068ops      184ops/s 256.8mb/s    1.135ms/op [0.251ms - 10.490ms]
createfile2          11069ops      184ops/s   0.0mb/s    0.086ms/op [0.015ms - 6.543ms]
deletefile1          11071ops      184ops/s   0.0mb/s    0.583ms/op [0.076ms - 49.159ms]
133.063: IO Summary: 110684 ops 1844.389 ops/s 184/369 rd/wr 464.5mb/s 2.159ms/op
133.063: Shutting down processes
